 IExplorerDemo

 Timestamp is 5cdcd4d2 (Thu May 16 11:11:14 2019)

 Preferred load address is 00400000

 Start         Length     Name                   Class
 0001:00000000 0000022dH .text$di                CODE
 0001:00000230 000595ecH .text$mn                CODE
 0001:00059820 00000923H .text$x                 CODE
 0001:0005a150 0000008fH .text$yd                CODE
 0002:00000000 00000638H .idata$5                DATA
 0002:00000638 00000004H .CRT$XCA                DATA
 0002:0000063c 00000004H .CRT$XCC                DATA
 0002:00000640 00000040H .CRT$XCU                DATA
 0002:00000680 00000004H .CRT$XCZ                DATA
 0002:00000684 00000004H .CRT$XIA                DATA
 0002:00000688 00000010H .CRT$XIC                DATA
 0002:00000698 00000004H .CRT$XIY                DATA
 0002:0000069c 00000004H .CRT$XIZ                DATA
 0002:000006a0 00000004H .CRT$XPA                DATA
 0002:000006a4 00000008H .CRT$XPX                DATA
 0002:000006ac 00000004H .CRT$XPXA               DATA
 0002:000006b0 00000004H .CRT$XPZ                DATA
 0002:000006b4 00000004H .CRT$XTA                DATA
 0002:000006b8 00000004H .CRT$XTZ                DATA
 0002:000006c0 00012c00H .rdata                  DATA
 0002:000132c0 00000070H .rdata$debug            DATA
 0002:00013330 00000ea0H .rdata$r                DATA
 0002:000141d0 000000b4H .rdata$sxdata           DATA
 0002:00014284 00000004H .rtc$IAA                DATA
 0002:00014288 0000000cH .rtc$IMZ                DATA
 0002:00014294 00000004H .rtc$IZZ                DATA
 0002:00014298 00000004H .rtc$TAA                DATA
 0002:0001429c 0000000cH .rtc$TMZ                DATA
 0002:000142a8 00000004H .rtc$TZZ                DATA
 0002:000142b0 000013a8H .xdata$x                DATA
 0002:00015658 00000000H .edata                  DATA
 0002:00015658 00000078H .idata$2                DATA
 0002:000156d0 00000014H .idata$3                DATA
 0002:000156e4 00000638H .idata$4                DATA
 0002:00015d1c 00003dc6H .idata$6                DATA
 0003:00000000 000012c8H .data                   DATA
 0003:000012c8 0000062bH .data$r                 DATA
 0003:00001900 00002368H .bss                    DATA
 0004:00000000 00000118H .rsrc$01                DATA
 0004:00000120 00004178H .rsrc$02                DATA

  Address         Publics by Value              Rva+Base       Lib:Object

 0000:00000000       ___guard_fids_count        00000000     <absolute>
 0000:00000000       ___guard_fids_table        00000000     <absolute>
 0000:00000000       ___guard_flags             00000000     <absolute>
 0000:00000000       __except_list              00000000     <absolute>
 0000:0000002d       ___safe_se_handler_count   0000002d     <absolute>
 0000:00000000       ___ImageBase               00400000     <linker-defined>
 0001:00000230       _WinMain@16                00401230 f   GameDemo.obj
 0001:00000440       ??$_Allocate@PAVNode@GameListUI@@@std@@YAPAPAVNode@GameListUI@@IPAPAV12@@Z 00401440 f i GameDemo.obj
 0001:000004a0       ??$_Allocate@U_Container_proxy@std@@@std@@YAPAU_Container_proxy@0@IPAU10@@Z 004014a0 f i GameDemo.obj
 0001:00000500       ??$_Debug_pointer@PAVNode@GameListUI@@@std@@YAXPAPAVNode@GameListUI@@PB_WI@Z 00401500 f i GameDemo.obj
 0001:00000530       ??$_Debug_range2@PAPAVNode@GameListUI@@@std@@YAXPAPAVNode@GameListUI@@0PB_WIUrandom_access_iterator_tag@0@@Z 00401530 f i GameDemo.obj
 0001:00000590       ??$_Debug_range@PAPAVNode@GameListUI@@@std@@YAXPAPAVNode@GameListUI@@0PB_WI@Z 00401590 f i GameDemo.obj
 0001:000005e0       ??$_Destroy_range@U?$_Wrap_alloc@V?$allocator@PAVNode@GameListUI@@@std@@@std@@@std@@YAXPAPAVNode@GameListUI@@0AAU?$_Wrap_alloc@V?$allocator@PAVNode@GameListUI@@@std@@@0@@Z 004015e0 f i GameDemo.obj
 0001:00000630       ??$_Destroy_range@U?$_Wrap_alloc@V?$allocator@PAVNode@GameListUI@@@std@@@std@@@std@@YAXPAPAVNode@GameListUI@@0AAU?$_Wrap_alloc@V?$allocator@PAVNode@GameListUI@@@std@@@0@U_Scalar_ptr_iterator_tag@0@@Z 00401630 f i GameDemo.obj
 0001:00000640       ??$_Iter_cat@PAPAVNode@GameListUI@@@std@@YA?AUrandom_access_iterator_tag@0@ABQAPAVNode@GameListUI@@@Z 00401640 f i GameDemo.obj
 0001:000006a0       ??$_Move@PAPAVNode@GameListUI@@PAPAV12@@std@@YAPAPAVNode@GameListUI@@PAPAV12@00@Z 004016a0 f i GameDemo.obj
 0001:000006f0       ??$_Move@PAPAVNode@GameListUI@@PAPAV12@@std@@YAPAPAVNode@GameListUI@@PAPAV12@00U_Scalar_ptr_iterator_tag@0@@Z 004016f0 f i GameDemo.obj
 0001:00000740       ??$_Pow_int@N@@YANNH@Z     00401740 f i GameDemo.obj
 0001:000007e0       ??$_Ptr_cat@PAVNode@GameListUI@@PAV12@@std@@YA?AU_Scalar_ptr_iterator_tag@0@PAPAVNode@GameListUI@@0@Z 004017e0 f i GameDemo.obj
 0001:00000830       ??$_Rechecked@PAPAVNode@GameListUI@@PAPAV12@@std@@YAAAPAPAVNode@GameListUI@@AAPAPAV12@PAPAV12@@Z 00401830 f i GameDemo.obj
 0001:00000840       ??$_Umove@PAPAVNode@GameListUI@@@?$vector@PAVNode@GameListUI@@V?$allocator@PAVNode@GameListUI@@@std@@@std@@IAEPAPAVNode@GameListUI@@PAPAV23@00@Z 00401840 f i GameDemo.obj
 0001:000008c0       ??$_Unchecked@PAPAVNode@GameListUI@@@std@@YAPAPAVNode@GameListUI@@PAPAV12@@Z 004018c0 f i GameDemo.obj
 0001:000008d0       ??$_Uninit_move@PAPAVNode@GameListUI@@PAPAV12@U?$_Wrap_alloc@V?$allocator@PAVNode@GameListUI@@@std@@@std@@@std@@YAPAPAVNode@GameListUI@@PAPAV12@00AAU?$_Wrap_alloc@V?$allocator@PAVNode@GameListUI@@@std@@@0@@Z 004018d0 f i GameDemo.obj
 0001:00000930       ??$_Uninit_move@PAVNode@GameListUI@@PAV12@PAV12@@std@@YAPAPAVNode@GameListUI@@PAPAV12@00AAU?$_Wrap_alloc@V?$allocator@PAVNode@GameListUI@@@std@@@0@0U_Scalar_ptr_iterator_tag@0@@Z 00401930 f i GameDemo.obj
 0001:000009b0       ??$_Uninitialized_move@PAPAVNode@GameListUI@@PAPAV12@U?$_Wrap_alloc@V?$allocator@PAVNode@GameListUI@@@std@@@std@@@std@@YAPAPAVNode@GameListUI@@PAPAV12@00AAU?$_Wrap_alloc@V?$allocator@PAVNode@GameListUI@@@std@@@0@@Z 004019b0 f i GameDemo.obj
 0001:00000a00       ??$_Val_type@PAPAVNode@GameListUI@@@std@@YAPAPAVNode@GameListUI@@PAPAV12@@Z 00401a00 f i GameDemo.obj
 0001:00000a10       ??$addressof@QAVNode@GameListUI@@@std@@YAPBQAVNode@GameListUI@@ABQAV12@@Z 00401a10 f i GameDemo.obj
 0001:00000a20       ??$construct@PAVNode@GameListUI@@AAPAV12@@?$_Wrap_alloc@V?$allocator@PAVNode@GameListUI@@@std@@@std@@QAEXPAPAVNode@GameListUI@@AAPAV23@@Z 00401a20 f i GameDemo.obj
 0001:00000a60       ??$construct@PAVNode@GameListUI@@AAPAV12@@?$allocator@PAVNode@GameListUI@@@std@@QAEXPAPAVNode@GameListUI@@AAPAV23@@Z 00401a60 f i GameDemo.obj
 0001:00000b10       ??$construct@PAVNode@GameListUI@@AAPAV12@@?$allocator_traits@V?$allocator@PAVNode@GameListUI@@@std@@@std@@SAXAAV?$allocator@PAVNode@GameListUI@@@1@PAPAVNode@GameListUI@@AAPAV34@@Z 00401b10 f i GameDemo.obj
 0001:00000b40       ??$construct@PAVNode@GameListUI@@ABQAV12@@?$_Wrap_alloc@V?$allocator@PAVNode@GameListUI@@@std@@@std@@QAEXPAPAVNode@GameListUI@@ABQAV23@@Z 00401b40 f i GameDemo.obj
 0001:00000b80       ??$construct@PAVNode@GameListUI@@ABQAV12@@?$allocator_traits@V?$allocator@PAVNode@GameListUI@@@std@@@std@@SAXAAV?$allocator@PAVNode@GameListUI@@@1@PAPAVNode@GameListUI@@ABQAV34@@Z 00401b80 f i GameDemo.obj
 0001:00000bb0       ??$construct@U_Container_proxy@std@@U12@@?$_Wrap_alloc@V?$allocator@U_Container_proxy@std@@@std@@@std@@QAEXPAU_Container_proxy@1@$$QAU21@@Z 00401bb0 f i GameDemo.obj
 0001:00000bf0       ??$construct@U_Container_proxy@std@@U12@@?$allocator@U_Container_proxy@std@@@std@@QAEXPAU_Container_proxy@1@$$QAU21@@Z 00401bf0 f i GameDemo.obj
 0001:00000ca0       ??$construct@U_Container_proxy@std@@U12@@?$allocator_traits@V?$allocator@U_Container_proxy@std@@@std@@@std@@SAXAAV?$allocator@U_Container_proxy@std@@@1@PAU_Container_proxy@1@$$QAU31@@Z 00401ca0 f i GameDemo.obj
 0001:00000cd0       ??$destroy@U_Container_proxy@std@@@?$_Wrap_alloc@V?$allocator@U_Container_proxy@std@@@std@@@std@@QAEXPAU_Container_proxy@1@@Z 00401cd0 f i GameDemo.obj
 0001:00000d00       ??$destroy@U_Container_proxy@std@@@?$allocator@U_Container_proxy@std@@@std@@QAEXPAU_Container_proxy@1@@Z 00401d00 f i GameDemo.obj
 0001:00000d20       ??$destroy@U_Container_proxy@std@@@?$allocator_traits@V?$allocator@U_Container_proxy@std@@@std@@@std@@SAXAAV?$allocator@U_Container_proxy@std@@@1@PAU_Container_proxy@1@@Z 00401d20 f i GameDemo.obj
 0001:00000d40       ??$forward@AAPAVNode@GameListUI@@@std@@YAAAPAVNode@GameListUI@@AAPAV12@@Z 00401d40 f i GameDemo.obj
 0001:00000d50       ??$forward@ABQAVNode@GameListUI@@@std@@YAABQAVNode@GameListUI@@ABQAV12@@Z 00401d50 f i GameDemo.obj
 0001:00000d60       ??$forward@U_Container_proxy@std@@@std@@YA$$QAU_Container_proxy@0@AAU10@@Z 00401d60 f i GameDemo.obj
 0001:00000d70       ??0?$_Iterator012@Urandom_access_iterator_tag@std@@PAVNode@GameListUI@@HPBQAV34@ABQAV34@U_Iterator_base12@2@@std@@QAE@ABU01@@Z 00401d70 f i GameDemo.obj
 0001:00000da0       ??0?$_Iterator012@Urandom_access_iterator_tag@std@@PAVNode@GameListUI@@HPBQAV34@ABQAV34@U_Iterator_base12@2@@std@@QAE@XZ 00401da0 f i GameDemo.obj
 0001:00000dd0       ??0?$_Vector_alloc@$0A@U?$_Vec_base_types@PAVNode@GameListUI@@V?$allocator@PAVNode@GameListUI@@@std@@@std@@@std@@QAE@ABV?$allocator@PAVNode@GameListUI@@@1@@Z 00401dd0 f i GameDemo.obj
 0001:00000e40       ??0?$_Vector_const_iterator@V?$_Vector_val@U?$_Simple_types@PAVNode@GameListUI@@@std@@@std@@@std@@QAE@ABV01@@Z 00401e40 f i GameDemo.obj
 0001:00000e80       ??0?$_Vector_const_iterator@V?$_Vector_val@U?$_Simple_types@PAVNode@GameListUI@@@std@@@std@@@std@@QAE@PAPAVNode@GameListUI@@PBU_Container_base12@1@@Z 00401e80 f i GameDemo.obj
 0001:00000f00       ??0?$_Vector_iterator@V?$_Vector_val@U?$_Simple_types@PAVNode@GameListUI@@@std@@@std@@@std@@QAE@PAPAVNode@GameListUI@@PBU_Container_base12@1@@Z 00401f00 f i GameDemo.obj
 0001:00000f40       ??0?$_Vector_val@U?$_Simple_types@PAVNode@GameListUI@@@std@@@std@@QAE@XZ 00401f40 f i GameDemo.obj
 0001:00000f90       ??0?$_Wrap_alloc@V?$allocator@PAVNode@GameListUI@@@std@@@std@@QAE@XZ 00401f90 f i GameDemo.obj
 0001:00000fc0       ??0?$_Wrap_alloc@V?$allocator@U_Container_proxy@std@@@std@@@std@@QAE@XZ 00401fc0 f i GameDemo.obj
 0001:00000ff0       ??0?$allocator@PAVNode@GameListUI@@@std@@QAE@XZ 00401ff0 f i GameDemo.obj
 0001:00001010       ??0?$allocator@U_Container_proxy@std@@@std@@QAE@XZ 00402010 f i GameDemo.obj
 0001:00001030       ??0?$vector@PAVNode@GameListUI@@V?$allocator@PAVNode@GameListUI@@@std@@@std@@QAE@XZ 00402030 f i GameDemo.obj
 0001:00001070       ??0CDialogBuilderCallbackEx@@QAE@XZ 00402070 f i GameDemo.obj
 0001:000010a0       ??0CGameFrameWnd@@QAE@XZ   004020a0 f i GameDemo.obj
 0001:00001130       ??0CLoginFrameWnd@@QAE@XZ  00402130 f i GameDemo.obj
 0001:000011c0       ??0DeskListUI@@QAE@XZ      004021c0 f i GameDemo.obj
 0001:00001570       ??0GameListUI@@QAE@XZ      00402570 f i GameDemo.obj
 0001:000016d0       ??0IDialogBuilderCallback@DuiLib@@QAE@XZ 004026d0 f i GameDemo.obj
 0001:000016f0       ??0IListCallbackUI@DuiLib@@QAE@XZ 004026f0 f i GameDemo.obj
 0001:00001710       ??0Node@GameListUI@@QAE@XZ 00402710 f i GameDemo.obj
 0001:00001790       ??0NodeData@GameListUI@@QAE@XZ 00402790 f i GameDemo.obj
 0001:000017d0       ??0_Container_base12@std@@QAE@XZ 004027d0 f i GameDemo.obj
 0001:000017f0       ??0_Container_proxy@std@@QAE@XZ 004027f0 f i GameDemo.obj
 0001:00001820       ??0_Iterator_base12@std@@QAE@ABU01@@Z 00402820 f i GameDemo.obj
 0001:00001860       ??0_Iterator_base12@std@@QAE@XZ 00402860 f i GameDemo.obj
 0001:00001890       ??1?$_Iterator012@Urandom_access_iterator_tag@std@@PAVNode@GameListUI@@HPBQAV34@ABQAV34@U_Iterator_base12@2@@std@@QAE@XZ 00402890 f i GameDemo.obj
 0001:000018c0       ??1?$_Vector_alloc@$0A@U?$_Vec_base_types@PAVNode@GameListUI@@V?$allocator@PAVNode@GameListUI@@@std@@@std@@@std@@QAE@XZ 004028c0 f i GameDemo.obj
 0001:000018f0       ??1?$_Vector_const_iterator@V?$_Vector_val@U?$_Simple_types@PAVNode@GameListUI@@@std@@@std@@@std@@QAE@XZ 004028f0 f i GameDemo.obj
 0001:00001920       ??1?$_Vector_iterator@V?$_Vector_val@U?$_Simple_types@PAVNode@GameListUI@@@std@@@std@@@std@@QAE@XZ 00402920 f i GameDemo.obj
 0001:00001950       ??1?$_Vector_val@U?$_Simple_types@PAVNode@GameListUI@@@std@@@std@@QAE@XZ 00402950 f i GameDemo.obj
 0001:00001980       ??1?$vector@PAVNode@GameListUI@@V?$allocator@PAVNode@GameListUI@@@std@@@std@@QAE@XZ 00402980 f i GameDemo.obj
 0001:000019b0       ??1CGameFrameWnd@@QAE@XZ   004029b0 f i GameDemo.obj
 0001:000019f0       ??1CLoginFrameWnd@@QAE@XZ  004029f0 f i GameDemo.obj
 0001:00001a30       ??1DeskListUI@@UAE@XZ      00402a30 f i GameDemo.obj
 0001:00001a60       ??1GameListUI@@UAE@XZ      00402a60 f i GameDemo.obj
 0001:00001b40       ??1Node@GameListUI@@QAE@XZ 00402b40 f i GameDemo.obj
 0001:00001c10       ??1NodeData@GameListUI@@QAE@XZ 00402c10 f i GameDemo.obj
 0001:00001c50       ??1_Container_base12@std@@QAE@XZ 00402c50 f i GameDemo.obj
 0001:00001c80       ??1_Iterator_base12@std@@QAE@XZ 00402c80 f i GameDemo.obj
 0001:00001cf0       ??2@YAPAXIPAX@Z            00402cf0 f i GameDemo.obj
 0001:00001d00       ??3@YAXPAX0@Z              00402d00 f i GameDemo.obj
 0001:00001d10       ??4_Iterator_base12@std@@QAEAAU01@ABU01@@Z 00402d10 f i GameDemo.obj
 0001:00001df0       ??A?$vector@PAVNode@GameListUI@@V?$allocator@PAVNode@GameListUI@@@std@@@std@@QAEAAPAVNode@GameListUI@@I@Z 00402df0 f i GameDemo.obj
 0001:00001e90       ??D?$_Vector_const_iterator@V?$_Vector_val@U?$_Simple_types@PAVNode@GameListUI@@@std@@@std@@@std@@QBEABQAVNode@GameListUI@@XZ 00402e90 f i GameDemo.obj
 0001:00001f50       ??D?$_Vector_iterator@V?$_Vector_val@U?$_Simple_types@PAVNode@GameListUI@@@std@@@std@@@std@@QBEAAPAVNode@GameListUI@@XZ 00402f50 f i GameDemo.obj
 0001:00001f90       ??E?$_Vector_const_iterator@V?$_Vector_val@U?$_Simple_types@PAVNode@GameListUI@@@std@@@std@@@std@@QAEAAV01@XZ 00402f90 f i GameDemo.obj
 0001:00002050       ??E?$_Vector_iterator@V?$_Vector_val@U?$_Simple_types@PAVNode@GameListUI@@@std@@@std@@@std@@QAEAAV01@XZ 00403050 f i GameDemo.obj
 0001:00002080       ??M?$_Vector_const_iterator@V?$_Vector_val@U?$_Simple_types@PAVNode@GameListUI@@@std@@@std@@@std@@QBE_NABV01@@Z 00403080 f i GameDemo.obj
 0001:000020e0       ??_GCGameFrameWnd@@QAEPAXI@Z 004030e0 f i GameDemo.obj
 0001:00002120       ??_GCListLabelElementUI@DuiLib@@UAEPAXI@Z 00403120 f i GameDemo.obj
 0001:00002120       ??_ECListLabelElementUI@DuiLib@@UAEPAXI@Z 00403120 f i GameDemo.obj
 0001:00002170       ??_ECListTextElementUI@DuiLib@@UAEPAXI@Z 00403170 f i GameDemo.obj
 0001:00002170       ??_GCListTextElementUI@DuiLib@@UAEPAXI@Z 00403170 f i GameDemo.obj
 0001:000021c0       ??_GCLoginFrameWnd@@QAEPAXI@Z 004031c0 f i GameDemo.obj
 0001:00002200       ??_GDeskListUI@@UAEPAXI@Z  00403200 f i GameDemo.obj
 0001:00002200       ??_EDeskListUI@@UAEPAXI@Z  00403200 f i GameDemo.obj
 0001:00002240       ??_GGameListUI@@UAEPAXI@Z  00403240 f i GameDemo.obj
 0001:00002240       ??_EGameListUI@@UAEPAXI@Z  00403240 f i GameDemo.obj
 0001:00002280       ??_GNode@GameListUI@@QAEPAXI@Z 00403280 f i GameDemo.obj
 0001:000022c0       ?Add@GameListUI@@UAE_NPAVCControlUI@DuiLib@@@Z 004032c0 f i GameDemo.obj
 0001:00002330       ?AddAt@GameListUI@@UAE_NPAVCControlUI@DuiLib@@H@Z 00403330 f i GameDemo.obj
 0001:000023a0       ?AddNode@GameListUI@@QAEPAVNode@1@PBDPAV21@@Z 004033a0 f i GameDemo.obj
 0001:000028c0       ?CalculateDelay@@YANN@Z    004038c0 f i GameDemo.obj
 0001:000028f0       ?CreateControl@CDialogBuilderCallbackEx@@UAEPAVCControlUI@DuiLib@@PBD@Z 004038f0 f i GameDemo.obj
 0001:00002a10       ?DoEvent@DeskListUI@@UAEXAAUtagTEventUI@DuiLib@@@Z 00403a10 f i GameDemo.obj
 0001:000030e0       ?DoEvent@GameListUI@@UAEXAAUtagTEventUI@DuiLib@@@Z 004040e0 f i GameDemo.obj
 0001:000034ef       ?DoEvent@GameListUI@@WEHI@AEXAAUtagTEventUI@DuiLib@@@Z 004044ef f i GameDemo.obj
 0001:00003500       ?ExpandNode@GameListUI@@QAEXPAVNode@1@_N@Z 00404500 f i GameDemo.obj
 0001:00003920       ?GetClassStyle@CGameFrameWnd@@UBEIXZ 00404920 f i GameDemo.obj
 0001:00003940       ?GetClassStyle@CLoginFrameWnd@@UBEIXZ 00404940 f i GameDemo.obj
 0001:00003960       ?GetExpanderSizeX@GameListUI@@QBE?AUtagSIZE@@PAVNode@1@@Z 00404960 f i GameDemo.obj
 0001:00003a70       ?GetItemText@CGameFrameWnd@@UAEPBDPAVCControlUI@DuiLib@@HH@Z 00404a70 f i GameDemo.obj
 0001:00003bd0       ?GetWindowClassName@CGameFrameWnd@@UBEPBDXZ 00404bd0 f i GameDemo.obj
 0001:00003bf0       ?GetWindowClassName@CLoginFrameWnd@@UBEPBDXZ 00404bf0 f i GameDemo.obj
 0001:00003c10       ?HandleMessage@CGameFrameWnd@@UAEJIIJ@Z 00404c10 f i GameDemo.obj
 0001:00003f80       ?HandleMessage@CLoginFrameWnd@@UAEJIIJ@Z 00404f80 f i GameDemo.obj
 0001:000041f0       ?Init@CGameFrameWnd@@QAEXXZ 004051f0 f i GameDemo.obj
 0001:00004390       ?Init@CLoginFrameWnd@@QAEXXZ 00405390 f i GameDemo.obj
 0001:000044c0       ?MessageHandler@CLoginFrameWnd@@UAEJIIJAA_N@Z 004054c0 f i GameDemo.obj
 0001:000046f0       ?Notify@CGameFrameWnd@@UAEXAAUtagTNotifyUI@DuiLib@@@Z 004056f0 f i GameDemo.obj
 0001:000055d0       ?Notify@CLoginFrameWnd@@UAEXAAUtagTNotifyUI@DuiLib@@@Z 004065d0 f i GameDemo.obj
 0001:00005920       ?OnClose@CGameFrameWnd@@QAEJIIJAAH@Z 00406920 f i GameDemo.obj
 0001:00005940       ?OnCreate@CGameFrameWnd@@QAEJIIJAAH@Z 00406940 f i GameDemo.obj
 0001:00005ba0       ?OnCreate@CLoginFrameWnd@@QAEJIIJAAH@Z 00406ba0 f i GameDemo.obj
 0001:00005e30       ?OnDestroy@CGameFrameWnd@@QAEJIIJAAH@Z 00406e30 f i GameDemo.obj
 0001:00005e70       ?OnFinalMessage@CGameFrameWnd@@UAEXPAUHWND__@@@Z 00406e70 f i GameDemo.obj
 0001:00005ed0       ?OnFinalMessage@CLoginFrameWnd@@UAEXPAUHWND__@@@Z 00406ed0 f i GameDemo.obj
 0001:00005f60       ?OnGetMinMaxInfo@CGameFrameWnd@@QAEJIIJAAH@Z 00406f60 f i GameDemo.obj
 0001:00006100       ?OnNcActivate@CGameFrameWnd@@QAEJIIJAAH@Z 00407100 f i GameDemo.obj
 0001:00006180       ?OnNcActivate@CLoginFrameWnd@@QAEJIIJAAH@Z 00407180 f i GameDemo.obj
 0001:00006200       ?OnNcCalcSize@CGameFrameWnd@@QAEJIIJAAH@Z 00407200 f i GameDemo.obj
 0001:00006220       ?OnNcCalcSize@CLoginFrameWnd@@QAEJIIJAAH@Z 00407220 f i GameDemo.obj
 0001:00006240       ?OnNcHitTest@CGameFrameWnd@@QAEJIIJAAH@Z 00407240 f i GameDemo.obj
 0001:00006570       ?OnNcHitTest@CLoginFrameWnd@@QAEJIIJAAH@Z 00407570 f i GameDemo.obj
 0001:00006720       ?OnNcPaint@CGameFrameWnd@@QAEJIIJAAH@Z 00407720 f i GameDemo.obj
 0001:00006740       ?OnNcPaint@CLoginFrameWnd@@QAEJIIJAAH@Z 00407740 f i GameDemo.obj
 0001:00006760       ?OnPrepare@CGameFrameWnd@@QAEXXZ 00407760 f i GameDemo.obj
 0001:00006b10       ?OnSize@CGameFrameWnd@@QAEJIIJAAH@Z 00407b10 f i GameDemo.obj
 0001:00006cd0       ?OnSize@CLoginFrameWnd@@QAEJIIJAAH@Z 00407cd0 f i GameDemo.obj
 0001:00006e90       ?OnSysCommand@CGameFrameWnd@@QAEJIIJAAH@Z 00407e90 f i GameDemo.obj
 0001:00007060       ?Remove@GameListUI@@UAE_NPAVCControlUI@DuiLib@@_N@Z 00408060 f i GameDemo.obj
 0001:00007170       ?RemoveAll@GameListUI@@UAEXXZ 00408170 f i GameDemo.obj
 0001:000072f0       ?RemoveAt@GameListUI@@UAE_NH_N@Z 004082f0 f i GameDemo.obj
 0001:00007420       ?RemoveNode@GameListUI@@QAE_NPAVNode@1@@Z 00408420 f i GameDemo.obj
 0001:00007510       ?SendChatMessage@CGameFrameWnd@@QAEXXZ 00408510 f i GameDemo.obj
 0001:000078f0       ?SetInternVisible@GameListUI@@UAEX_N@Z 004088f0 f i GameDemo.obj
 0001:00007930       ?SetVisible@GameListUI@@UAEX_N@Z 00408930 f i GameDemo.obj
 0001:00007980       ?_Adopt@_Iterator_base12@std@@QAEXPBU_Container_base12@2@@Z 00408980 f i GameDemo.obj
 0001:00007ab0       ?_Alloc_proxy@?$_Vector_alloc@$0A@U?$_Vec_base_types@PAVNode@GameListUI@@V?$allocator@PAVNode@GameListUI@@@std@@@std@@@std@@QAEXXZ 00408ab0 f i GameDemo.obj
 0001:00007b50       ?_Clrcont@_Iterator_base12@std@@QAEXXZ 00408b50 f i GameDemo.obj
 0001:00007b70       ?_Compat@?$_Vector_const_iterator@V?$_Vector_val@U?$_Simple_types@PAVNode@GameListUI@@@std@@@std@@@std@@QBEXABV12@@Z 00408b70 f i GameDemo.obj
 0001:00007c20       ?_Destroy@?$vector@PAVNode@GameListUI@@V?$allocator@PAVNode@GameListUI@@@std@@@std@@IAEXPAPAVNode@GameListUI@@0@Z 00408c20 f i GameDemo.obj
 0001:00007ca0       ?_Free_proxy@?$_Vector_alloc@$0A@U?$_Vec_base_types@PAVNode@GameListUI@@V?$allocator@PAVNode@GameListUI@@@std@@@std@@@std@@QAEXXZ 00408ca0 f i GameDemo.obj
 0001:00007d30       ?_Getal@?$_Vector_alloc@$0A@U?$_Vec_base_types@PAVNode@GameListUI@@V?$allocator@PAVNode@GameListUI@@@std@@@std@@@std@@QBE?AU?$_Wrap_alloc@V?$allocator@PAVNode@GameListUI@@@std@@@2@XZ 00408d30 f i GameDemo.obj
 0001:00007d60       ?_Getcont@_Iterator_base12@std@@QBEPBU_Container_base12@2@XZ 00408d60 f i GameDemo.obj
 0001:00007da0       ?_Getpfirst@_Container_base12@std@@QBEPAPAU_Iterator_base12@2@XZ 00408da0 f i GameDemo.obj
 0001:00007de0       ?_Getpnext@_Iterator_base12@std@@QAEPAPAU12@XZ 00408de0 f i GameDemo.obj
 0001:00007e00       ?_Grow_to@?$vector@PAVNode@GameListUI@@V?$allocator@PAVNode@GameListUI@@@std@@@std@@IBEII@Z 00408e00 f i GameDemo.obj
 0001:00007e80       ?_Inside@?$vector@PAVNode@GameListUI@@V?$allocator@PAVNode@GameListUI@@@std@@@std@@IBE_NPBQAVNode@GameListUI@@@Z 00408e80 f i GameDemo.obj
 0001:00007ed0       ?_Make_iter@?$vector@PAVNode@GameListUI@@V?$allocator@PAVNode@GameListUI@@@std@@@std@@QBE?AV?$_Vector_iterator@V?$_Vector_val@U?$_Simple_types@PAVNode@GameListUI@@@std@@@std@@@2@V?$_Vector_const_iterator@V?$_Vector_val@U?$_Simple_types@PAVNode@GameListUI@@@std@@@std@@@2@@Z 00408ed0 f i GameDemo.obj
 0001:00007f60       ?_Orphan_all@_Container_base12@std@@QAEXXZ 00408f60 f i GameDemo.obj
 0001:00008010       ?_Orphan_me@_Iterator_base12@std@@QAEXXZ 00409010 f i GameDemo.obj
 0001:000080a0       ?_Orphan_range@?$vector@PAVNode@GameListUI@@V?$allocator@PAVNode@GameListUI@@@std@@@std@@IBEXPAPAVNode@GameListUI@@0@Z 004090a0 f i GameDemo.obj
 0001:000081b0       ?_Reallocate@?$vector@PAVNode@GameListUI@@V?$allocator@PAVNode@GameListUI@@@std@@@std@@IAEXI@Z 004091b0 f i GameDemo.obj
 0001:00008310       ?_Reserve@?$vector@PAVNode@GameListUI@@V?$allocator@PAVNode@GameListUI@@@std@@@std@@IAEXI@Z 00409310 f i GameDemo.obj
 0001:00008380       ?_Tidy@?$vector@PAVNode@GameListUI@@V?$allocator@PAVNode@GameListUI@@@std@@@std@@IAEXXZ 00409380 f i GameDemo.obj
 0001:00008420       ?_Unused_capacity@?$vector@PAVNode@GameListUI@@V?$allocator@PAVNode@GameListUI@@@std@@@std@@QBEIXZ 00409420 f i GameDemo.obj
 0001:00008450       ?_Xlen@?$vector@PAVNode@GameListUI@@V?$allocator@PAVNode@GameListUI@@@std@@@std@@IBEXXZ 00409450 f i GameDemo.obj
 0001:00008480       ?abs@@YAJJ@Z               00409480 f i GameDemo.obj
 0001:000084a0       ?add_child@Node@GameListUI@@QAEXPAV12@@Z 004094a0 f i GameDemo.obj
 0001:000084e0       ?allocate@?$_Wrap_alloc@V?$allocator@PAVNode@GameListUI@@@std@@@std@@QAEPAPAVNode@GameListUI@@I@Z 004094e0 f i GameDemo.obj
 0001:00008510       ?allocate@?$_Wrap_alloc@V?$allocator@U_Container_proxy@std@@@std@@@std@@QAEPAU_Container_proxy@2@I@Z 00409510 f i GameDemo.obj
 0001:00008540       ?allocate@?$allocator@PAVNode@GameListUI@@@std@@QAEPAPAVNode@GameListUI@@I@Z 00409540 f i GameDemo.obj
 0001:00008570       ?allocate@?$allocator@U_Container_proxy@std@@@std@@QAEPAU_Container_proxy@2@I@Z 00409570 f i GameDemo.obj
 0001:000085a0       ?begin@?$vector@PAVNode@GameListUI@@V?$allocator@PAVNode@GameListUI@@@std@@@std@@QAE?AV?$_Vector_iterator@V?$_Vector_val@U?$_Simple_types@PAVNode@GameListUI@@@std@@@std@@@2@XZ 004095a0 f i GameDemo.obj
 0001:000085e0       ?capacity@?$vector@PAVNode@GameListUI@@V?$allocator@PAVNode@GameListUI@@@std@@@std@@QBEIXZ 004095e0 f i GameDemo.obj
 0001:00008610       ?child@Node@GameListUI@@QAEPAV12@H@Z 00409610 f i GameDemo.obj
 0001:00008640       ?construct@?$allocator@PAVNode@GameListUI@@@std@@QAEXPAPAVNode@GameListUI@@ABQAV34@@Z 00409640 f i GameDemo.obj
 0001:000086a0       ?data@Node@GameListUI@@QAEAAUNodeData@2@XZ 004096a0 f i GameDemo.obj
 0001:000086c0       ?deallocate@?$_Wrap_alloc@V?$allocator@PAVNode@GameListUI@@@std@@@std@@QAEXPAPAVNode@GameListUI@@I@Z 004096c0 f i GameDemo.obj
 0001:000086f0       ?deallocate@?$_Wrap_alloc@V?$allocator@U_Container_proxy@std@@@std@@@std@@QAEXPAU_Container_proxy@2@I@Z 004096f0 f i GameDemo.obj
 0001:00008720       ?deallocate@?$allocator@PAVNode@GameListUI@@@std@@QAEXPAPAVNode@GameListUI@@I@Z 00409720 f i GameDemo.obj
 0001:00008750       ?deallocate@?$allocator@U_Container_proxy@std@@@std@@QAEXPAU_Container_proxy@2@I@Z 00409750 f i GameDemo.obj
 0001:00008780       ?end@?$vector@PAVNode@GameListUI@@V?$allocator@PAVNode@GameListUI@@@std@@@std@@QAE?AV?$_Vector_iterator@V?$_Vector_val@U?$_Simple_types@PAVNode@GameListUI@@@std@@@std@@@2@XZ 00409780 f i GameDemo.obj
 0001:000087c0       ?erase@?$vector@PAVNode@GameListUI@@V?$allocator@PAVNode@GameListUI@@@std@@@std@@QAE?AV?$_Vector_iterator@V?$_Vector_val@U?$_Simple_types@PAVNode@GameListUI@@@std@@@std@@@2@V?$_Vector_const_iterator@V?$_Vector_val@U?$_Simple_types@PAVNode@GameListUI@@@std@@@std@@@2@@Z 004097c0 f i GameDemo.obj
 0001:00008900       ?get_last_child@Node@GameListUI@@QAEPAV12@XZ 00409900 f i GameDemo.obj
 0001:00008950       ?has_children@Node@GameListUI@@QBE_NXZ 00409950 f i GameDemo.obj
 0001:000089a0       ?max_size@?$_Wrap_alloc@V?$allocator@PAVNode@GameListUI@@@std@@@std@@QBEIXZ 004099a0 f i GameDemo.obj
 0001:000089d0       ?max_size@?$allocator@PAVNode@GameListUI@@@std@@QBEIXZ 004099d0 f i GameDemo.obj
 0001:000089f0       ?max_size@?$allocator_traits@V?$allocator@PAVNode@GameListUI@@@std@@@std@@SAIABV?$allocator@PAVNode@GameListUI@@@2@@Z 004099f0 f i GameDemo.obj
 0001:00008a10       ?max_size@?$vector@PAVNode@GameListUI@@V?$allocator@PAVNode@GameListUI@@@std@@@std@@QBEIXZ 00409a10 f i GameDemo.obj
 0001:00008a50       ?num_children@Node@GameListUI@@QBEHXZ 00409a50 f i GameDemo.obj
 0001:00008a80       ?parent@Node@GameListUI@@QAEPAV12@XZ 00409a80 f i GameDemo.obj
 0001:00008aa0       ?pow@@YANNH@Z              00409aa0 f i GameDemo.obj
 0001:00008ad0       ?push_back@?$vector@PAVNode@GameListUI@@V?$allocator@PAVNode@GameListUI@@@std@@@std@@QAEXABQAVNode@GameListUI@@@Z 00409ad0 f i GameDemo.obj
 0001:00008c00       ?remove_child@Node@GameListUI@@QAEXPAV12@@Z 00409c00 f i GameDemo.obj
 0001:00008d40       ?set_parent@Node@GameListUI@@AAEXPAV12@@Z 00409d40 f i GameDemo.obj
 0001:00008d60       ?size@?$vector@PAVNode@GameListUI@@V?$allocator@PAVNode@GameListUI@@@std@@@std@@QBEIXZ 00409d60 f i GameDemo.obj
 0001:00008d90       __tcscmp                   00409d90 f i GameDemo.obj
 0001:00008dd0       ??0CMiniDumper@@QAE@_N@Z   00409dd0 f   MiniDumper.obj
 0001:00008e80       ??1CMiniDumper@@QAE@XZ     00409e80 f   MiniDumper.obj
 0001:00008ee0       ?unhandledExceptionHandler@CMiniDumper@@CGJPAU_EXCEPTION_POINTERS@@@Z 00409ee0 f   MiniDumper.obj
 0001:00008f10       ?setMiniDumpFileName@CMiniDumper@@AAEXXZ 00409f10 f   MiniDumper.obj
 0001:00008fb0       ?getImpersonationToken@CMiniDumper@@AAE_NPAPAX@Z 00409fb0 f   MiniDumper.obj
 0001:00009060       ?enablePrivilege@CMiniDumper@@AAEHPBDPAXPAU_TOKEN_PRIVILEGES@@@Z 0040a060 f   MiniDumper.obj
 0001:00009190       ?restorePrivilege@CMiniDumper@@AAEHPAXPAU_TOKEN_PRIVILEGES@@@Z 0040a190 f   MiniDumper.obj
 0001:00009220       ?writeMiniDump@CMiniDumper@@AAEJPAU_EXCEPTION_POINTERS@@@Z 0040a220 f   MiniDumper.obj
 0001:00009690       ??$strcat_s@$0BAE@@@YAHAAY0BAE@DPBD@Z 0040a690 f i MiniDumper.obj
 0001:000096c0       ??$strcpy_s@$0BAE@@@YAHAAY0BAE@DPBD@Z 0040a6c0 f i MiniDumper.obj
 0001:000096f0       ?_tcsrchr@@YAPADPADI@Z     0040a6f0 f i MiniDumper.obj
 0001:00009710       __tcsrchr                  0040a710 f i MiniDumper.obj
 0001:00009730       ??_H@YGXPAXIHP6EPAX0@Z@Z   0040a730 f i StdAfx.obj
 0001:00009770       _hypot                     0040a770 f i StdAfx.obj
 0001:0000979e       ??0STRINGorID@DuiLib@@QAE@PBD@Z 0040a79e f   duilib_d:DuiLib_d.dll
 0001:000097a4       ??0CDuiSize@DuiLib@@QAE@XZ 0040a7a4 f   duilib_d:DuiLib_d.dll
 0001:000097aa       ??0CDuiSize@DuiLib@@QAE@JJ@Z 0040a7aa f   duilib_d:DuiLib_d.dll
 0001:000097b0       ??0CDuiRect@DuiLib@@QAE@XZ 0040a7b0 f   duilib_d:DuiLib_d.dll
 0001:000097b6       ??0CDuiRect@DuiLib@@QAE@ABUtagRECT@@@Z 0040a7b6 f   duilib_d:DuiLib_d.dll
 0001:000097bc       ?Offset@CDuiRect@DuiLib@@QAEXHH@Z 0040a7bc f   duilib_d:DuiLib_d.dll
 0001:000097c2       ??0CDuiString@DuiLib@@QAE@XZ 0040a7c2 f   duilib_d:DuiLib_d.dll
 0001:000097c8       ??0CDuiString@DuiLib@@QAE@PBDH@Z 0040a7c8 f   duilib_d:DuiLib_d.dll
 0001:000097ce       ??1CDuiString@DuiLib@@QAE@XZ 0040a7ce f   duilib_d:DuiLib_d.dll
 0001:000097d4       ?IsEmpty@CDuiString@DuiLib@@QBE_NXZ 0040a7d4 f   duilib_d:DuiLib_d.dll
 0001:000097da       ??BCDuiString@DuiLib@@QBEPBDXZ 0040a7da f   duilib_d:DuiLib_d.dll
 0001:000097e0       ??4CDuiString@DuiLib@@QAEABV01@PBD@Z 0040a7e0 f   duilib_d:DuiLib_d.dll
 0001:000097e6       ??HCDuiString@DuiLib@@QBE?AV01@PBD@Z 0040a7e6 f   duilib_d:DuiLib_d.dll
 0001:000097ec       ??YCDuiString@DuiLib@@QAEABV01@ABV01@@Z 0040a7ec f   duilib_d:DuiLib_d.dll
 0001:000097f2       ??YCDuiString@DuiLib@@QAEABV01@PBD@Z 0040a7f2 f   duilib_d:DuiLib_d.dll
 0001:000097f8       ??8CDuiString@DuiLib@@QBE_NPBD@Z 0040a7f8 f   duilib_d:DuiLib_d.dll
 0001:000097fe       ??0INotifyUI@DuiLib@@QAE@XZ 0040a7fe f   duilib_d:DuiLib_d.dll
 0001:00009804       ??0IMessageFilterUI@DuiLib@@QAE@XZ 0040a804 f   duilib_d:DuiLib_d.dll
 0001:0000980a       ??0CPaintManagerUI@DuiLib@@QAE@XZ 0040a80a f   duilib_d:DuiLib_d.dll
 0001:00009810       ??1CPaintManagerUI@DuiLib@@QAE@XZ 0040a810 f   duilib_d:DuiLib_d.dll
 0001:00009816       ?Init@CPaintManagerUI@DuiLib@@QAEXPAUHWND__@@PBD@Z 0040a816 f   duilib_d:DuiLib_d.dll
 0001:0000981c       ?GetPaintWindow@CPaintManagerUI@DuiLib@@QBEPAUHWND__@@XZ 0040a81c f   duilib_d:DuiLib_d.dll
 0001:00009822       ?GetMousePos@CPaintManagerUI@DuiLib@@QBE?AUtagPOINT@@XZ 0040a822 f   duilib_d:DuiLib_d.dll
 0001:00009828       ?GetSizeBox@CPaintManagerUI@DuiLib@@QAEAAUtagRECT@@XZ 0040a828 f   duilib_d:DuiLib_d.dll
 0001:0000982e       ?GetCaptionRect@CPaintManagerUI@DuiLib@@QAEAAUtagRECT@@XZ 0040a82e f   duilib_d:DuiLib_d.dll
 0001:00009834       ?GetRoundCorner@CPaintManagerUI@DuiLib@@QBE?AUtagSIZE@@XZ 0040a834 f   duilib_d:DuiLib_d.dll
 0001:0000983a       ?GetInstancePath@CPaintManagerUI@DuiLib@@SA?AVCDuiString@2@XZ 0040a83a f   duilib_d:DuiLib_d.dll
 0001:00009840       ?SetInstance@CPaintManagerUI@DuiLib@@SAXPAUHINSTANCE__@@@Z 0040a840 f   duilib_d:DuiLib_d.dll
 0001:00009846       ?SetResourcePath@CPaintManagerUI@DuiLib@@SAXPBD@Z 0040a846 f   duilib_d:DuiLib_d.dll
 0001:0000984c       ?GetDefaultFontInfo@CPaintManagerUI@DuiLib@@QAEPAUtagTFontInfo@2@XZ 0040a84c f   duilib_d:DuiLib_d.dll
 0001:00009852       ?SetDefaultFont@CPaintManagerUI@DuiLib@@QAEXPBDH_N111@Z 0040a852 f   duilib_d:DuiLib_d.dll
 0001:00009858       ?GetFontInfo@CPaintManagerUI@DuiLib@@QAEPAUtagTFontInfo@2@H@Z 0040a858 f   duilib_d:DuiLib_d.dll
 0001:0000985e       ?AttachDialog@CPaintManagerUI@DuiLib@@QAE_NPAVCControlUI@2@@Z 0040a85e f   duilib_d:DuiLib_d.dll
 0001:00009864       ?SetTimer@CPaintManagerUI@DuiLib@@QAE_NPAVCControlUI@2@II@Z 0040a864 f   duilib_d:DuiLib_d.dll
 0001:0000986a       ?KillTimer@CPaintManagerUI@DuiLib@@QAE_NPAVCControlUI@2@I@Z 0040a86a f   duilib_d:DuiLib_d.dll
 0001:00009870       ?AddNotifier@CPaintManagerUI@DuiLib@@QAE_NPAVINotifyUI@2@@Z 0040a870 f   duilib_d:DuiLib_d.dll
 0001:00009876       ?AddPreMessageFilter@CPaintManagerUI@DuiLib@@QAE_NPAVIMessageFilterUI@2@@Z 0040a876 f   duilib_d:DuiLib_d.dll
 0001:0000987c       ?RemovePreMessageFilter@CPaintManagerUI@DuiLib@@QAE_NPAVIMessageFilterUI@2@@Z 0040a87c f   duilib_d:DuiLib_d.dll
 0001:00009882       ?GetRoot@CPaintManagerUI@DuiLib@@QBEPAVCControlUI@2@XZ 0040a882 f   duilib_d:DuiLib_d.dll
 0001:00009888       ?FindControl@CPaintManagerUI@DuiLib@@QBEPAVCControlUI@2@UtagPOINT@@@Z 0040a888 f   duilib_d:DuiLib_d.dll
 0001:0000988e       ?FindControl@CPaintManagerUI@DuiLib@@QBEPAVCControlUI@2@PBD@Z 0040a88e f   duilib_d:DuiLib_d.dll
 0001:00009894       ?MessageLoop@CPaintManagerUI@DuiLib@@SAXXZ 0040a894 f   duilib_d:DuiLib_d.dll
 0001:0000989a       ?MessageHandler@CPaintManagerUI@DuiLib@@QAE_NIIJAAJ@Z 0040a89a f   duilib_d:DuiLib_d.dll
 0001:000098a0       ??0CWindowWnd@DuiLib@@QAE@XZ 0040a8a0 f   duilib_d:DuiLib_d.dll
 0001:000098a6       ??BCWindowWnd@DuiLib@@QBEPAUHWND__@@XZ 0040a8a6 f   duilib_d:DuiLib_d.dll
 0001:000098ac       ?Create@CWindowWnd@DuiLib@@QAEPAUHWND__@@PAU3@PBDKKHHHHPAUHMENU__@@@Z 0040a8ac f   duilib_d:DuiLib_d.dll
 0001:000098b2       ?ShowModal@CWindowWnd@DuiLib@@QAEIXZ 0040a8b2 f   duilib_d:DuiLib_d.dll
 0001:000098b8       ?Close@CWindowWnd@DuiLib@@QAEXI@Z 0040a8b8 f   duilib_d:DuiLib_d.dll
 0001:000098be       ?CenterWindow@CWindowWnd@DuiLib@@QAEXXZ 0040a8be f   duilib_d:DuiLib_d.dll
 0001:000098c4       ?SetIcon@CWindowWnd@DuiLib@@QAEXI@Z 0040a8c4 f   duilib_d:DuiLib_d.dll
 0001:000098ca       ?SendMessageA@CWindowWnd@DuiLib@@QAEJIIJ@Z 0040a8ca f   duilib_d:DuiLib_d.dll
 0001:000098d0       ?HandleMessage@CWindowWnd@DuiLib@@MAEJIIJ@Z 0040a8d0 f   duilib_d:DuiLib_d.dll
 0001:000098d6       ?SetBkImage@CControlUI@DuiLib@@QAEXPBD@Z 0040a8d6 f   duilib_d:DuiLib_d.dll
 0001:000098dc       ?SetVisible@CControlUI@DuiLib@@UAEX_N@Z 0040a8dc f   duilib_d:DuiLib_d.dll
 0001:000098e2       ?SetInternVisible@CControlUI@DuiLib@@UAEX_N@Z 0040a8e2 f   duilib_d:DuiLib_d.dll
 0001:000098e8       ?NeedUpdate@CControlUI@DuiLib@@QAEXXZ 0040a8e8 f   duilib_d:DuiLib_d.dll
 0001:000098ee       ?Add@CContainerUI@DuiLib@@UAE_NPAVCControlUI@2@@Z 0040a8ee f   duilib_d:DuiLib_d.dll
 0001:000098f4       ?RemoveAll@CContainerUI@DuiLib@@UAEXXZ 0040a8f4 f   duilib_d:DuiLib_d.dll
 0001:000098fa       ?DoEvent@CContainerUI@DuiLib@@UAEXAAUtagTEventUI@2@@Z 0040a8fa f   duilib_d:DuiLib_d.dll
 0001:00009900       ??0CDialogBuilder@DuiLib@@QAE@XZ 0040a900 f   duilib_d:DuiLib_d.dll
 0001:00009906       ?Create@CDialogBuilder@DuiLib@@QAEPAVCControlUI@2@VSTRINGorID@2@PBDPAVIDialogBuilderCallback@2@PAVCPaintManagerUI@2@PAV32@@Z 0040a906 f   duilib_d:DuiLib_d.dll
 0001:0000990c       ?Create@CDialogBuilder@DuiLib@@QAEPAVCControlUI@2@PAVIDialogBuilderCallback@2@PAVCPaintManagerUI@2@PAV32@@Z 0040a90c f   duilib_d:DuiLib_d.dll
 0001:00009912       ??1CDialogBuilder@DuiLib@@QAE@XZ 0040a912 f   duilib_d:DuiLib_d.dll
 0001:00009918       ?DoEvent@CVerticalLayoutUI@DuiLib@@UAEXAAUtagTEventUI@2@@Z 0040a918 f   duilib_d:DuiLib_d.dll
 0001:0000991e       ??0CTileLayoutUI@DuiLib@@QAE@XZ 0040a91e f   duilib_d:DuiLib_d.dll
 0001:00009924       ?SetItemSize@CTileLayoutUI@DuiLib@@QAEXUtagSIZE@@@Z 0040a924 f   duilib_d:DuiLib_d.dll
 0001:0000992a       ??1CTileLayoutUI@DuiLib@@UAE@XZ 0040a92a f   duilib_d:DuiLib_d.dll
 0001:00009930       ?GetCurSel@CTabLayoutUI@DuiLib@@QBEHXZ 0040a930 f   duilib_d:DuiLib_d.dll
 0001:00009936       ?SelectItem@CTabLayoutUI@DuiLib@@QAE_NH_N@Z 0040a936 f   duilib_d:DuiLib_d.dll
 0001:0000993c       ??0CListUI@DuiLib@@QAE@XZ  0040a93c f   duilib_d:DuiLib_d.dll
 0001:00009942       ?Add@CListUI@DuiLib@@UAE_NPAVCControlUI@2@@Z 0040a942 f   duilib_d:DuiLib_d.dll
 0001:00009948       ?AddAt@CListUI@DuiLib@@UAE_NPAVCControlUI@2@H@Z 0040a948 f   duilib_d:DuiLib_d.dll
 0001:0000994e       ?Remove@CListUI@DuiLib@@UAE_NPAVCControlUI@2@_N@Z 0040a94e f   duilib_d:DuiLib_d.dll
 0001:00009954       ?RemoveAt@CListUI@DuiLib@@UAE_NH_N@Z 0040a954 f   duilib_d:DuiLib_d.dll
 0001:0000995a       ?RemoveAll@CListUI@DuiLib@@UAEXXZ 0040a95a f   duilib_d:DuiLib_d.dll
 0001:00009960       ?SetItemShowHtml@CListUI@DuiLib@@QAEX_N@Z 0040a960 f   duilib_d:DuiLib_d.dll
 0001:00009966       ?DoEvent@CListUI@DuiLib@@UAEXAAUtagTEventUI@2@@Z 0040a966 f   duilib_d:DuiLib_d.dll
 0001:0000996c       ??1CListUI@DuiLib@@UAE@XZ  0040a96c f   duilib_d:DuiLib_d.dll
 0001:00009972       ??0CListLabelElementUI@DuiLib@@QAE@XZ 0040a972 f   duilib_d:DuiLib_d.dll
 0001:00009978       ??1CListLabelElementUI@DuiLib@@UAE@XZ 0040a978 f   duilib_d:DuiLib_d.dll
 0001:0000997e       ??0CListTextElementUI@DuiLib@@QAE@XZ 0040a97e f   duilib_d:DuiLib_d.dll
 0001:00009984       ??1CListTextElementUI@DuiLib@@UAE@XZ 0040a984 f   duilib_d:DuiLib_d.dll
 0001:0000998a       ?IsSelected@COptionUI@DuiLib@@QBE_NXZ 0040a98a f   duilib_d:DuiLib_d.dll
 0001:00009990       ?GetTextLength@CRichEditUI@DuiLib@@QBEJK@Z 0040a990 f   duilib_d:DuiLib_d.dll
 0001:00009996       ?SetSel@CRichEditUI@DuiLib@@QAEHJJ@Z 0040a996 f   duilib_d:DuiLib_d.dll
 0001:0000999c       ?ReplaceSel@CRichEditUI@DuiLib@@QAEXPBD_N@Z 0040a99c f   duilib_d:DuiLib_d.dll
 0001:000099a2       ?SetSelectionCharFormat@CRichEditUI@DuiLib@@QAE_NAAUCHARFORMAT2A@@@Z 0040a9a2 f   duilib_d:DuiLib_d.dll
 0001:000099a8       ?GetControl@CActiveXUI@DuiLib@@QAEJU_GUID@@PAPAX@Z 0040a9a8 f   duilib_d:DuiLib_d.dll
 0001:000099ae       ?Activate@CControlUI@DuiLib@@UAE_NXZ 0040a9ae f   duilib_d:DuiLib_d.dll
 0001:000099b4       ?Activate@CListElementUI@DuiLib@@UAE_NXZ 0040a9b4 f   duilib_d:DuiLib_d.dll
 0001:000099ba       ?AddAt@CContainerUI@DuiLib@@UAE_NPAVCControlUI@2@H@Z 0040a9ba f   duilib_d:DuiLib_d.dll
 0001:000099c0       ?Delete@CControlUI@DuiLib@@UAEXXZ 0040a9c0 f   duilib_d:DuiLib_d.dll
 0001:000099c6       ?DoEvent@CListLabelElementUI@DuiLib@@UAEXAAUtagTEventUI@2@@Z 0040a9c6 f   duilib_d:DuiLib_d.dll
 0001:000099cc       ?DoEvent@CListTextElementUI@DuiLib@@UAEXAAUtagTEventUI@2@@Z 0040a9cc f   duilib_d:DuiLib_d.dll
 0001:000099d2       ?DoInit@CControlUI@DuiLib@@UAEXXZ 0040a9d2 f   duilib_d:DuiLib_d.dll
 0001:000099d8       ?DoPaint@CContainerUI@DuiLib@@UAE_NPAUHDC__@@ABUtagRECT@@PAVCControlUI@2@@Z 0040a9d8 f   duilib_d:DuiLib_d.dll
 0001:000099de       ?DoPaint@CListLabelElementUI@DuiLib@@UAE_NPAUHDC__@@ABUtagRECT@@PAVCControlUI@2@@Z 0040a9de f   duilib_d:DuiLib_d.dll
 0001:000099e4       ?DoPostPaint@CControlUI@DuiLib@@UAEXPAUHDC__@@ABUtagRECT@@@Z 0040a9e4 f   duilib_d:DuiLib_d.dll
 0001:000099ea       ?DoPostPaint@CVerticalLayoutUI@DuiLib@@UAEXPAUHDC__@@ABUtagRECT@@@Z 0040a9ea f   duilib_d:DuiLib_d.dll
 0001:000099f0       ?EnableScrollBar@CContainerUI@DuiLib@@UAEX_N0@Z 0040a9f0 f   duilib_d:DuiLib_d.dll
 0001:000099f6       ?EnableScrollBar@CListUI@DuiLib@@UAEX_N0@Z 0040a9f6 f   duilib_d:DuiLib_d.dll
 0001:000099fc       ?EndDown@CContainerUI@DuiLib@@UAEXXZ 0040a9fc f   duilib_d:DuiLib_d.dll
 0001:00009a02       ?EndDown@CListUI@DuiLib@@UAEXXZ 0040aa02 f   duilib_d:DuiLib_d.dll
 0001:00009a08       ?EndRight@CContainerUI@DuiLib@@UAEXXZ 0040aa08 f   duilib_d:DuiLib_d.dll
 0001:00009a0e       ?EndRight@CListUI@DuiLib@@UAEXXZ 0040aa0e f   duilib_d:DuiLib_d.dll
 0001:00009a14       ?EstimateSize@CControlUI@DuiLib@@UAE?AUtagSIZE@@U3@@Z 0040aa14 f   duilib_d:DuiLib_d.dll
 0001:00009a1a       ?EstimateSize@CListLabelElementUI@DuiLib@@UAE?AUtagSIZE@@U3@@Z 0040aa1a f   duilib_d:DuiLib_d.dll
 0001:00009a20       ?EstimateSize@CListTextElementUI@DuiLib@@UAE?AUtagSIZE@@U3@@Z 0040aa20 f   duilib_d:DuiLib_d.dll
 0001:00009a26       ?Event@CControlUI@DuiLib@@UAEXAAUtagTEventUI@2@@Z 0040aa26 f   duilib_d:DuiLib_d.dll
 0001:00009a2c       ?ExpandItem@CListUI@DuiLib@@UAE_NH_N@Z 0040aa2c f   duilib_d:DuiLib_d.dll
 0001:00009a32       ?FindControl@CContainerUI@DuiLib@@UAEPAVCControlUI@2@P6GPAV32@PAV32@PAX@Z1I@Z 0040aa32 f   duilib_d:DuiLib_d.dll
 0001:00009a38       ?FindControl@CControlUI@DuiLib@@UAEPAV12@P6GPAV12@PAV12@PAX@Z1I@Z 0040aa38 f   duilib_d:DuiLib_d.dll
 0001:00009a3e       ?FindSelectable@CContainerUI@DuiLib@@UBEHH_N@Z 0040aa3e f   duilib_d:DuiLib_d.dll
 0001:00009a44       ?GetAttribute@CControlUI@DuiLib@@UAE?AVCDuiString@2@PBD@Z 0040aa44 f   duilib_d:DuiLib_d.dll
 0001:00009a4a       ?GetAttributeList@CControlUI@DuiLib@@UAE?AVCDuiString@2@_N@Z 0040aa4a f   duilib_d:DuiLib_d.dll
 0001:00009a50       ?GetChildAlign@CContainerUI@DuiLib@@UBEIXZ 0040aa50 f   duilib_d:DuiLib_d.dll
 0001:00009a56       ?GetChildPadding@CContainerUI@DuiLib@@UBEHXZ 0040aa56 f   duilib_d:DuiLib_d.dll
 0001:00009a5c       ?GetChildPadding@CListUI@DuiLib@@UBEHXZ 0040aa5c f   duilib_d:DuiLib_d.dll
 0001:00009a62       ?GetChildVAlign@CContainerUI@DuiLib@@UBEIXZ 0040aa62 f   duilib_d:DuiLib_d.dll
 0001:00009a68       ?GetClass@CListLabelElementUI@DuiLib@@UBEPBDXZ 0040aa68 f   duilib_d:DuiLib_d.dll
 0001:00009a6e       ?GetClass@CListTextElementUI@DuiLib@@UBEPBDXZ 0040aa6e f   duilib_d:DuiLib_d.dll
 0001:00009a74       ?GetClass@CListUI@DuiLib@@UBEPBDXZ 0040aa74 f   duilib_d:DuiLib_d.dll
 0001:00009a7a       ?GetClass@CTileLayoutUI@DuiLib@@UBEPBDXZ 0040aa7a f   duilib_d:DuiLib_d.dll
 0001:00009a80       ?GetClientPos@CContainerUI@DuiLib@@UBE?AUtagRECT@@XZ 0040aa80 f   duilib_d:DuiLib_d.dll
 0001:00009a86       ?GetClientPos@CControlUI@DuiLib@@UBE?AUtagRECT@@XZ 0040aa86 f   duilib_d:DuiLib_d.dll
 0001:00009a8c       ?GetControlFlags@CControlUI@DuiLib@@UBEIXZ 0040aa8c f   duilib_d:DuiLib_d.dll
 0001:00009a92       ?GetControlFlags@CListElementUI@DuiLib@@UBEIXZ 0040aa92 f   duilib_d:DuiLib_d.dll
 0001:00009a98       ?GetControlFlags@CListTextElementUI@DuiLib@@UBEIXZ 0040aa98 f   duilib_d:DuiLib_d.dll
 0001:00009a9e       ?GetControlFlags@CListUI@DuiLib@@UBEIXZ 0040aa9e f   duilib_d:DuiLib_d.dll
 0001:00009aa4       ?GetCount@CContainerUI@DuiLib@@UBEHXZ 0040aaa4 f   duilib_d:DuiLib_d.dll
 0001:00009aaa       ?GetCount@CListUI@DuiLib@@UBEHXZ 0040aaaa f   duilib_d:DuiLib_d.dll
 0001:00009ab0       ?GetCover@CControlUI@DuiLib@@UBEPAV12@XZ 0040aab0 f   duilib_d:DuiLib_d.dll
 0001:00009ab6       ?GetCurSel@CListUI@DuiLib@@UBEHXZ 0040aab6 f   duilib_d:DuiLib_d.dll
 0001:00009abc       ?GetExpandedItem@CListUI@DuiLib@@UBEHXZ 0040aabc f   duilib_d:DuiLib_d.dll
 0001:00009ac2       ?GetFixedHeight@CControlUI@DuiLib@@UBEHXZ 0040aac2 f   duilib_d:DuiLib_d.dll
 0001:00009ac8       ?GetFixedWidth@CControlUI@DuiLib@@UBEHXZ 0040aac8 f   duilib_d:DuiLib_d.dll
 0001:00009ace       ?GetFixedXY@CControlUI@DuiLib@@UBE?AUtagSIZE@@XZ 0040aace f   duilib_d:DuiLib_d.dll
 0001:00009ad4       ?GetFloatPercent@CControlUI@DuiLib@@UBE?AUtagTPercentInfo@2@XZ 0040aad4 f   duilib_d:DuiLib_d.dll
 0001:00009ada       ?GetHeader@CListUI@DuiLib@@UBEPAVCListHeaderUI@2@XZ 0040aada f   duilib_d:DuiLib_d.dll
 0001:00009ae0       ?GetHeight@CControlUI@DuiLib@@UBEHXZ 0040aae0 f   duilib_d:DuiLib_d.dll
 0001:00009ae6       ?GetHorizontalScrollBar@CContainerUI@DuiLib@@UBEPAVCScrollBarUI@2@XZ 0040aae6 f   duilib_d:DuiLib_d.dll
 0001:00009aec       ?GetHorizontalScrollBar@CListUI@DuiLib@@UBEPAVCScrollBarUI@2@XZ 0040aaec f   duilib_d:DuiLib_d.dll
 0001:00009af2       ?GetInset@CContainerUI@DuiLib@@UBE?AUtagRECT@@XZ 0040aaf2 f   duilib_d:DuiLib_d.dll
 0001:00009af8       ?GetInterface@CListLabelElementUI@DuiLib@@UAEPAXPBD@Z 0040aaf8 f   duilib_d:DuiLib_d.dll
 0001:00009afe       ?GetInterface@CListTextElementUI@DuiLib@@UAEPAXPBD@Z 0040aafe f   duilib_d:DuiLib_d.dll
 0001:00009b04       ?GetInterface@CListUI@DuiLib@@UAEPAXPBD@Z 0040ab04 f   duilib_d:DuiLib_d.dll
 0001:00009b0a       ?GetInterface@CTileLayoutUI@DuiLib@@UAEPAXPBD@Z 0040ab0a f   duilib_d:DuiLib_d.dll
 0001:00009b10       ?GetItemAt@CContainerUI@DuiLib@@UBEPAVCControlUI@2@H@Z 0040ab10 f   duilib_d:DuiLib_d.dll
 0001:00009b16       ?GetItemAt@CListUI@DuiLib@@UBEPAVCControlUI@2@H@Z 0040ab16 f   duilib_d:DuiLib_d.dll
 0001:00009b1c       ?GetItemIndex@CContainerUI@DuiLib@@UBEHPAVCControlUI@2@@Z 0040ab1c f   duilib_d:DuiLib_d.dll
 0001:00009b22       ?GetItemIndex@CListUI@DuiLib@@UBEHPAVCControlUI@2@@Z 0040ab22 f   duilib_d:DuiLib_d.dll
 0001:00009b28       ?GetList@CListUI@DuiLib@@UBEPAVCContainerUI@2@XZ 0040ab28 f   duilib_d:DuiLib_d.dll
 0001:00009b2e       ?GetListInfo@CListUI@DuiLib@@UAEPAUtagTListInfoUI@2@XZ 0040ab2e f   duilib_d:DuiLib_d.dll
 0001:00009b34       ?GetManager@CControlUI@DuiLib@@UBEPAVCPaintManagerUI@2@XZ 0040ab34 f   duilib_d:DuiLib_d.dll
 0001:00009b3a       ?GetMaxHeight@CControlUI@DuiLib@@UBEHXZ 0040ab3a f   duilib_d:DuiLib_d.dll
 0001:00009b40       ?GetMaxWidth@CControlUI@DuiLib@@UBEHXZ 0040ab40 f   duilib_d:DuiLib_d.dll
 0001:00009b46       ?GetMinHeight@CControlUI@DuiLib@@UBEHXZ 0040ab46 f   duilib_d:DuiLib_d.dll
 0001:00009b4c       ?GetMinWidth@CControlUI@DuiLib@@UBEHXZ 0040ab4c f   duilib_d:DuiLib_d.dll
 0001:00009b52       ?GetName@CControlUI@DuiLib@@UBE?AVCDuiString@2@XZ 0040ab52 f   duilib_d:DuiLib_d.dll
 0001:00009b58       ?GetNativeWindow@CControlUI@DuiLib@@UBEPAUHWND__@@XZ 0040ab58 f   duilib_d:DuiLib_d.dll
 0001:00009b5e       ?GetPadding@CControlUI@DuiLib@@UBE?AUtagRECT@@XZ 0040ab5e f   duilib_d:DuiLib_d.dll
 0001:00009b64       ?GetParent@CControlUI@DuiLib@@UBEPAV12@XZ 0040ab64 f   duilib_d:DuiLib_d.dll
 0001:00009b6a       ?GetPos@CControlUI@DuiLib@@UBEABUtagRECT@@XZ 0040ab6a f   duilib_d:DuiLib_d.dll
 0001:00009b70       ?GetRelativePos@CControlUI@DuiLib@@UBE?AUtagRECT@@XZ 0040ab70 f   duilib_d:DuiLib_d.dll
 0001:00009b76       ?GetScrollPos@CContainerUI@DuiLib@@UBE?AUtagSIZE@@XZ 0040ab76 f   duilib_d:DuiLib_d.dll
 0001:00009b7c       ?GetScrollPos@CListUI@DuiLib@@UBE?AUtagSIZE@@XZ 0040ab7c f   duilib_d:DuiLib_d.dll
 0001:00009b82       ?GetScrollRange@CContainerUI@DuiLib@@UBE?AUtagSIZE@@XZ 0040ab82 f   duilib_d:DuiLib_d.dll
 0001:00009b88       ?GetScrollRange@CListUI@DuiLib@@UBE?AUtagSIZE@@XZ 0040ab88 f   duilib_d:DuiLib_d.dll
 0001:00009b8e       ?GetShortcut@CControlUI@DuiLib@@UBEDXZ 0040ab8e f   duilib_d:DuiLib_d.dll
 0001:00009b94       ?GetSuperClassName@CWindowWnd@DuiLib@@MBEPBDXZ 0040ab94 f   duilib_d:DuiLib_d.dll
 0001:00009b9a       ?GetTag@CControlUI@DuiLib@@UBEIXZ 0040ab9a f   duilib_d:DuiLib_d.dll
 0001:00009ba0       ?GetText@CControlUI@DuiLib@@UBE?AVCDuiString@2@XZ 0040aba0 f   duilib_d:DuiLib_d.dll
 0001:00009ba6       ?GetTextCallback@CListUI@DuiLib@@UBEPAVIListCallbackUI@2@XZ 0040aba6 f   duilib_d:DuiLib_d.dll
 0001:00009bac       ?GetToolTip@CControlUI@DuiLib@@UBE?AVCDuiString@2@XZ 0040abac f   duilib_d:DuiLib_d.dll
 0001:00009bb2       ?GetToolTipWidth@CControlUI@DuiLib@@UAEHXZ 0040abb2 f   duilib_d:DuiLib_d.dll
 0001:00009bb8       ?GetUserData@CControlUI@DuiLib@@UAEABVCDuiString@2@XZ 0040abb8 f   duilib_d:DuiLib_d.dll
 0001:00009bbe       ?GetVerticalScrollBar@CContainerUI@DuiLib@@UBEPAVCScrollBarUI@2@XZ 0040abbe f   duilib_d:DuiLib_d.dll
 0001:00009bc4       ?GetVerticalScrollBar@CListUI@DuiLib@@UBEPAVCScrollBarUI@2@XZ 0040abc4 f   duilib_d:DuiLib_d.dll
 0001:00009bca       ?GetWidth@CControlUI@DuiLib@@UBEHXZ 0040abca f   duilib_d:DuiLib_d.dll
 0001:00009bd0       ?GetX@CControlUI@DuiLib@@UBEHXZ 0040abd0 f   duilib_d:DuiLib_d.dll
 0001:00009bd6       ?GetY@CControlUI@DuiLib@@UBEHXZ 0040abd6 f   duilib_d:DuiLib_d.dll
 0001:00009bdc       ?HomeLeft@CContainerUI@DuiLib@@UAEXXZ 0040abdc f   duilib_d:DuiLib_d.dll
 0001:00009be2       ?HomeLeft@CListUI@DuiLib@@UAEXXZ 0040abe2 f   duilib_d:DuiLib_d.dll
 0001:00009be8       ?HomeUp@CContainerUI@DuiLib@@UAEXXZ 0040abe8 f   duilib_d:DuiLib_d.dll
 0001:00009bee       ?HomeUp@CListUI@DuiLib@@UAEXXZ 0040abee f   duilib_d:DuiLib_d.dll
 0001:00009bf4       ?Init@CControlUI@DuiLib@@UAEXXZ 0040abf4 f   duilib_d:DuiLib_d.dll
 0001:00009bfa       ?IsAutoDestroy@CContainerUI@DuiLib@@UBE_NXZ 0040abfa f   duilib_d:DuiLib_d.dll
 0001:00009c00       ?IsContextMenuUsed@CControlUI@DuiLib@@UBE_NXZ 0040ac00 f   duilib_d:DuiLib_d.dll
 0001:00009c06       ?IsDelayedDestroy@CContainerUI@DuiLib@@UBE_NXZ 0040ac06 f   duilib_d:DuiLib_d.dll
 0001:00009c0c       ?IsEnabled@CControlUI@DuiLib@@UBE_NXZ 0040ac0c f   duilib_d:DuiLib_d.dll
 0001:00009c12       ?IsFloat@CControlUI@DuiLib@@UBE_NXZ 0040ac12 f   duilib_d:DuiLib_d.dll
 0001:00009c18       ?IsFocused@CControlUI@DuiLib@@UBE_NXZ 0040ac18 f   duilib_d:DuiLib_d.dll
 0001:00009c1e       ?IsKeyboardEnabled@CControlUI@DuiLib@@UBE_NXZ 0040ac1e f   duilib_d:DuiLib_d.dll
 0001:00009c24       ?IsMouseChildEnabled@CContainerUI@DuiLib@@UBE_NXZ 0040ac24 f   duilib_d:DuiLib_d.dll
 0001:00009c2a       ?IsMouseEnabled@CControlUI@DuiLib@@UBE_NXZ 0040ac2a f   duilib_d:DuiLib_d.dll
 0001:00009c30       ?IsVisible@CControlUI@DuiLib@@UBE_NXZ 0040ac30 f   duilib_d:DuiLib_d.dll
 0001:00009c36       ?LineDown@CContainerUI@DuiLib@@UAEXXZ 0040ac36 f   duilib_d:DuiLib_d.dll
 0001:00009c3c       ?LineDown@CListUI@DuiLib@@UAEXXZ 0040ac3c f   duilib_d:DuiLib_d.dll
 0001:00009c42       ?LineLeft@CContainerUI@DuiLib@@UAEXXZ 0040ac42 f   duilib_d:DuiLib_d.dll
 0001:00009c48       ?LineLeft@CListUI@DuiLib@@UAEXXZ 0040ac48 f   duilib_d:DuiLib_d.dll
 0001:00009c4e       ?LineRight@CContainerUI@DuiLib@@UAEXXZ 0040ac4e f   duilib_d:DuiLib_d.dll
 0001:00009c54       ?LineRight@CListUI@DuiLib@@UAEXXZ 0040ac54 f   duilib_d:DuiLib_d.dll
 0001:00009c5a       ?LineUp@CContainerUI@DuiLib@@UAEXXZ 0040ac5a f   duilib_d:DuiLib_d.dll
 0001:00009c60       ?LineUp@CListUI@DuiLib@@UAEXXZ 0040ac60 f   duilib_d:DuiLib_d.dll
 0001:00009c66       ?Move@CContainerUI@DuiLib@@UAEXUtagSIZE@@_N@Z 0040ac66 f   duilib_d:DuiLib_d.dll
 0001:00009c6c       ?Move@CControlUI@DuiLib@@UAEXUtagSIZE@@_N@Z 0040ac6c f   duilib_d:DuiLib_d.dll
 0001:00009c72       ?Move@CListUI@DuiLib@@UAEXUtagSIZE@@_N@Z 0040ac72 f   duilib_d:DuiLib_d.dll
 0001:00009c78       ?PageDown@CContainerUI@DuiLib@@UAEXXZ 0040ac78 f   duilib_d:DuiLib_d.dll
 0001:00009c7e       ?PageDown@CListUI@DuiLib@@UAEXXZ 0040ac7e f   duilib_d:DuiLib_d.dll
 0001:00009c84       ?PageLeft@CContainerUI@DuiLib@@UAEXXZ 0040ac84 f   duilib_d:DuiLib_d.dll
 0001:00009c8a       ?PageLeft@CListUI@DuiLib@@UAEXXZ 0040ac8a f   duilib_d:DuiLib_d.dll
 0001:00009c90       ?PageRight@CContainerUI@DuiLib@@UAEXXZ 0040ac90 f   duilib_d:DuiLib_d.dll
 0001:00009c96       ?PageRight@CListUI@DuiLib@@UAEXXZ 0040ac96 f   duilib_d:DuiLib_d.dll
 0001:00009c9c       ?PageUp@CContainerUI@DuiLib@@UAEXXZ 0040ac9c f   duilib_d:DuiLib_d.dll
 0001:00009ca2       ?PageUp@CListUI@DuiLib@@UAEXXZ 0040aca2 f   duilib_d:DuiLib_d.dll
 0001:00009ca8       ?Paint@CControlUI@DuiLib@@UAE_NPAUHDC__@@ABUtagRECT@@PAV12@@Z 0040aca8 f   duilib_d:DuiLib_d.dll
 0001:00009cae       ?PaintBkColor@CControlUI@DuiLib@@UAEXPAUHDC__@@@Z 0040acae f   duilib_d:DuiLib_d.dll
 0001:00009cb4       ?PaintBkImage@CControlUI@DuiLib@@UAEXPAUHDC__@@@Z 0040acb4 f   duilib_d:DuiLib_d.dll
 0001:00009cba       ?PaintBorder@CControlUI@DuiLib@@UAEXPAUHDC__@@@Z 0040acba f   duilib_d:DuiLib_d.dll
 0001:00009cc0       ?PaintStatusImage@CControlUI@DuiLib@@UAEXPAUHDC__@@@Z 0040acc0 f   duilib_d:DuiLib_d.dll
 0001:00009cc6       ?PaintText@CControlUI@DuiLib@@UAEXPAUHDC__@@@Z 0040acc6 f   duilib_d:DuiLib_d.dll
 0001:00009ccc       ?ProcessScrollBar@CContainerUI@DuiLib@@MAEXUtagRECT@@HH@Z 0040accc f   duilib_d:DuiLib_d.dll
 0001:00009cd2       ?Remove@CContainerUI@DuiLib@@UAE_NPAVCControlUI@2@_N@Z 0040acd2 f   duilib_d:DuiLib_d.dll
 0001:00009cd8       ?RemoveAt@CContainerUI@DuiLib@@UAE_NH_N@Z 0040acd8 f   duilib_d:DuiLib_d.dll
 0001:00009cde       ?SelectItem@CListUI@DuiLib@@UAE_NH_N0@Z 0040acde f   duilib_d:DuiLib_d.dll
 0001:00009ce4       ?SetAttribute@CListElementUI@DuiLib@@UAEXPBD0@Z 0040ace4 f   duilib_d:DuiLib_d.dll
 0001:00009cea       ?SetAttribute@CListUI@DuiLib@@UAEXPBD0@Z 0040acea f   duilib_d:DuiLib_d.dll
 0001:00009cf0       ?SetAttribute@CTileLayoutUI@DuiLib@@UAEXPBD0@Z 0040acf0 f   duilib_d:DuiLib_d.dll
 0001:00009cf6       ?SetAttributeList@CControlUI@DuiLib@@UAEXPBD@Z 0040acf6 f   duilib_d:DuiLib_d.dll
 0001:00009cfc       ?SetAutoDestroy@CContainerUI@DuiLib@@UAEX_N@Z 0040acfc f   duilib_d:DuiLib_d.dll
 0001:00009d02       ?SetChildAlign@CContainerUI@DuiLib@@UAEXI@Z 0040ad02 f   duilib_d:DuiLib_d.dll
 0001:00009d08       ?SetChildPadding@CContainerUI@DuiLib@@UAEXH@Z 0040ad08 f   duilib_d:DuiLib_d.dll
 0001:00009d0e       ?SetChildPadding@CListUI@DuiLib@@UAEXH@Z 0040ad0e f   duilib_d:DuiLib_d.dll
 0001:00009d14       ?SetChildVAlign@CContainerUI@DuiLib@@UAEXI@Z 0040ad14 f   duilib_d:DuiLib_d.dll
 0001:00009d1a       ?SetContextMenuUsed@CControlUI@DuiLib@@UAEX_N@Z 0040ad1a f   duilib_d:DuiLib_d.dll
 0001:00009d20       ?SetCover@CControlUI@DuiLib@@UAEXPAV12@@Z 0040ad20 f   duilib_d:DuiLib_d.dll
 0001:00009d26       ?SetDelayedDestroy@CContainerUI@DuiLib@@UAEX_N@Z 0040ad26 f   duilib_d:DuiLib_d.dll
 0001:00009d2c       ?SetEnabled@CControlUI@DuiLib@@UAEX_N@Z 0040ad2c f   duilib_d:DuiLib_d.dll
 0001:00009d32       ?SetEnabled@CListElementUI@DuiLib@@UAEX_N@Z 0040ad32 f   duilib_d:DuiLib_d.dll
 0001:00009d38       ?SetFixedHeight@CControlUI@DuiLib@@UAEXH@Z 0040ad38 f   duilib_d:DuiLib_d.dll
 0001:00009d3e       ?SetFixedHeight@CListLabelElementUI@DuiLib@@UAEXH@Z 0040ad3e f   duilib_d:DuiLib_d.dll
 0001:00009d44       ?SetFixedWidth@CControlUI@DuiLib@@UAEXH@Z 0040ad44 f   duilib_d:DuiLib_d.dll
 0001:00009d4a       ?SetFixedWidth@CListLabelElementUI@DuiLib@@UAEXH@Z 0040ad4a f   duilib_d:DuiLib_d.dll
 0001:00009d50       ?SetFixedXY@CControlUI@DuiLib@@UAEXUtagSIZE@@@Z 0040ad50 f   duilib_d:DuiLib_d.dll
 0001:00009d56       ?SetFloat@CControlUI@DuiLib@@UAEX_N@Z 0040ad56 f   duilib_d:DuiLib_d.dll
 0001:00009d5c       ?SetFloatPercent@CControlUI@DuiLib@@UAEXUtagTPercentInfo@2@@Z 0040ad5c f   duilib_d:DuiLib_d.dll
 0001:00009d62       ?SetFloatPos@CContainerUI@DuiLib@@MAEXH@Z 0040ad62 f   duilib_d:DuiLib_d.dll
 0001:00009d68       ?SetFocus@CControlUI@DuiLib@@UAEXXZ 0040ad68 f   duilib_d:DuiLib_d.dll
 0001:00009d6e       ?SetInset@CContainerUI@DuiLib@@UAEXUtagRECT@@@Z 0040ad6e f   duilib_d:DuiLib_d.dll
 0001:00009d74       ?SetInternVisible@CContainerUI@DuiLib@@UAEX_N@Z 0040ad74 f   duilib_d:DuiLib_d.dll
 0001:00009d7a       ?SetItemIndex@CContainerUI@DuiLib@@UAE_NPAVCControlUI@2@H@Z 0040ad7a f   duilib_d:DuiLib_d.dll
 0001:00009d80       ?SetItemIndex@CListUI@DuiLib@@UAE_NPAVCControlUI@2@H@Z 0040ad80 f   duilib_d:DuiLib_d.dll
 0001:00009d86       ?SetKeyboardEnabled@CControlUI@DuiLib@@UAEX_N@Z 0040ad86 f   duilib_d:DuiLib_d.dll
 0001:00009d8c       ?SetManager@CContainerUI@DuiLib@@UAEXPAVCPaintManagerUI@2@PAVCControlUI@2@_N@Z 0040ad8c f   duilib_d:DuiLib_d.dll
 0001:00009d92       ?SetManager@CControlUI@DuiLib@@UAEXPAVCPaintManagerUI@2@PAV12@_N@Z 0040ad92 f   duilib_d:DuiLib_d.dll
 0001:00009d98       ?SetMaxHeight@CControlUI@DuiLib@@UAEXH@Z 0040ad98 f   duilib_d:DuiLib_d.dll
 0001:00009d9e       ?SetMaxWidth@CControlUI@DuiLib@@UAEXH@Z 0040ad9e f   duilib_d:DuiLib_d.dll
 0001:00009da4       ?SetMinHeight@CControlUI@DuiLib@@UAEXH@Z 0040ada4 f   duilib_d:DuiLib_d.dll
 0001:00009daa       ?SetMinWidth@CControlUI@DuiLib@@UAEXH@Z 0040adaa f   duilib_d:DuiLib_d.dll
 0001:00009db0       ?SetMouseChildEnabled@CContainerUI@DuiLib@@UAEX_N@Z 0040adb0 f   duilib_d:DuiLib_d.dll
 0001:00009db6       ?SetMouseEnabled@CContainerUI@DuiLib@@UAEX_N@Z 0040adb6 f   duilib_d:DuiLib_d.dll
 0001:00009dbc       ?SetMouseEnabled@CControlUI@DuiLib@@UAEX_N@Z 0040adbc f   duilib_d:DuiLib_d.dll
 0001:00009dc2       ?SetMultiItemIndex@CContainerUI@DuiLib@@UAE_NPAVCControlUI@2@HH@Z 0040adc2 f   duilib_d:DuiLib_d.dll
 0001:00009dc8       ?SetMultiItemIndex@CListUI@DuiLib@@UAE_NPAVCControlUI@2@HH@Z 0040adc8 f   duilib_d:DuiLib_d.dll
 0001:00009dce       ?SetName@CControlUI@DuiLib@@UAEXPBD@Z 0040adce f   duilib_d:DuiLib_d.dll
 0001:00009dd4       ?SetPadding@CControlUI@DuiLib@@UAEXUtagRECT@@@Z 0040add4 f   duilib_d:DuiLib_d.dll
 0001:00009dda       ?SetPos@CControlUI@DuiLib@@UAEXUtagRECT@@_N@Z 0040adda f   duilib_d:DuiLib_d.dll
 0001:00009de0       ?SetPos@CListUI@DuiLib@@UAEXUtagRECT@@_N@Z 0040ade0 f   duilib_d:DuiLib_d.dll
 0001:00009de6       ?SetPos@CTileLayoutUI@DuiLib@@UAEXUtagRECT@@_N@Z 0040ade6 f   duilib_d:DuiLib_d.dll
 0001:00009dec       ?SetScrollPos@CContainerUI@DuiLib@@UAEXUtagSIZE@@@Z 0040adec f   duilib_d:DuiLib_d.dll
 0001:00009df2       ?SetScrollPos@CListUI@DuiLib@@UAEXUtagSIZE@@@Z 0040adf2 f   duilib_d:DuiLib_d.dll
 0001:00009df8       ?SetShortcut@CControlUI@DuiLib@@UAEXD@Z 0040adf8 f   duilib_d:DuiLib_d.dll
 0001:00009dfe       ?SetTag@CControlUI@DuiLib@@UAEXI@Z 0040adfe f   duilib_d:DuiLib_d.dll
 0001:00009e04       ?SetText@CControlUI@DuiLib@@UAEXPBD@Z 0040ae04 f   duilib_d:DuiLib_d.dll
 0001:00009e0a       ?SetText@CListLabelElementUI@DuiLib@@UAEXPBD@Z 0040ae0a f   duilib_d:DuiLib_d.dll
 0001:00009e10       ?SetTextCallback@CListUI@DuiLib@@UAEXPAVIListCallbackUI@2@@Z 0040ae10 f   duilib_d:DuiLib_d.dll
 0001:00009e16       ?SetToolTip@CControlUI@DuiLib@@UAEXPBD@Z 0040ae16 f   duilib_d:DuiLib_d.dll
 0001:00009e1c       ?SetToolTipWidth@CControlUI@DuiLib@@UAEXH@Z 0040ae1c f   duilib_d:DuiLib_d.dll
 0001:00009e22       ?SetUserData@CControlUI@DuiLib@@UAEXPBD@Z 0040ae22 f   duilib_d:DuiLib_d.dll
 0001:00009e28       ?SetVisible@CContainerUI@DuiLib@@UAEX_N@Z 0040ae28 f   duilib_d:DuiLib_d.dll
 0001:00009e2e       ?SetVisible@CListElementUI@DuiLib@@UAEX_N@Z 0040ae2e f   duilib_d:DuiLib_d.dll
 0001:00009e34       _CreateFileA@28            0040ae34 f   kernel32:KERNEL32.dll
 0001:00009e3a       _CloseHandle@4             0040ae3a f   kernel32:KERNEL32.dll
 0001:00009e40       _SetUnhandledExceptionFilter@4 0040ae40 f   kernel32:KERNEL32.dll
 0001:00009e46       _GetLastError@0            0040ae46 f   kernel32:KERNEL32.dll
 0001:00009e4c       _InitializeCriticalSection@4 0040ae4c f   kernel32:KERNEL32.dll
 0001:00009e52       _EnterCriticalSection@4    0040ae52 f   kernel32:KERNEL32.dll
 0001:00009e58       _LeaveCriticalSection@4    0040ae58 f   kernel32:KERNEL32.dll
 0001:00009e5e       _DeleteCriticalSection@4   0040ae5e f   kernel32:KERNEL32.dll
 0001:00009e64       _GetCurrentProcess@0       0040ae64 f   kernel32:KERNEL32.dll
 0001:00009e6a       _GetCurrentProcessId@0     0040ae6a f   kernel32:KERNEL32.dll
 0001:00009e70       _TerminateProcess@8        0040ae70 f   kernel32:KERNEL32.dll
 0001:00009e76       _GetCurrentThread@0        0040ae76 f   kernel32:KERNEL32.dll
 0001:00009e7c       _GetCurrentThreadId@0      0040ae7c f   kernel32:KERNEL32.dll
 0001:00009e82       _GetModuleFileNameA@12     0040ae82 f   kernel32:KERNEL32.dll
 0001:00009e88       _GetProcAddress@8          0040ae88 f   kernel32:KERNEL32.dll
 0001:00009e8e       _LoadLibraryA@4            0040ae8e f   kernel32:KERNEL32.dll
 0001:00009e94       _PostQuitMessage@4         0040ae94 f   user32:USER32.dll
 0001:00009e9a       _ShowWindow@8              0040ae9a f   user32:USER32.dll
 0001:00009ea0       _IsIconic@4                0040aea0 f   user32:USER32.dll
 0001:00009ea6       _IsZoomed@4                0040aea6 f   user32:USER32.dll
 0001:00009eac       _GetSystemMetrics@4        0040aeac f   user32:USER32.dll
 0001:00009eb2       _SetWindowRgn@12           0040aeb2 f   user32:USER32.dll
 0001:00009eb8       _GetClientRect@8           0040aeb8 f   user32:USER32.dll
 0001:00009ebe       _GetWindowRect@8           0040aebe f   user32:USER32.dll
 0001:00009ec4       _SetCursor@4               0040aec4 f   user32:USER32.dll
 0001:00009eca       _GetCursorPos@4            0040aeca f   user32:USER32.dll
 0001:00009ed0       _ScreenToClient@8          0040aed0 f   user32:USER32.dll
 0001:00009ed6       _GetWindowLongA@8          0040aed6 f   user32:USER32.dll
 0001:00009edc       _SetWindowLongA@12         0040aedc f   user32:USER32.dll
 0001:00009ee2       _LoadCursorA@8             0040aee2 f   user32:USER32.dll
 0001:00009ee8       _MonitorFromWindow@8       0040aee8 f   user32:USER32.dll
 0001:00009eee       _GetMonitorInfoA@8         0040aeee f   user32:USER32.dll
 0001:00009ef4       _MessageBoxA@16            0040aef4 f   user32:USER32.dll
 0001:00009efa       _CreateRoundRectRgn@24     0040aefa f   gdi32:GDI32.dll
 0001:00009f00       _DeleteObject@4            0040af00 f   gdi32:GDI32.dll
 0001:00009f06       _OpenProcessToken@12       0040af06 f   advapi32:ADVAPI32.dll
 0001:00009f0c       _OpenThreadToken@16        0040af0c f   advapi32:ADVAPI32.dll
 0001:00009f12       _AdjustTokenPrivileges@24  0040af12 f   advapi32:ADVAPI32.dll
 0001:00009f18       _LookupPrivilegeValueA@12  0040af18 f   advapi32:ADVAPI32.dll
 0001:00009f1e       _CoUninitialize@0          0040af1e f   ole32:ole32.dll
 0001:00009f24       _CoInitialize@4            0040af24 f   ole32:ole32.dll
 0001:00009f30       ??0_Init_locks@std@@QAE@XZ 0040af30 f   libcpmtd:xlock.obj
 0001:00009f80       ??0_Lockit@std@@QAE@H@Z    0040af80 f   libcpmtd:xlock.obj
 0001:00009fe0       ??0_Lockit@std@@QAE@XZ     0040afe0 f   libcpmtd:xlock.obj
 0001:0000a030       ??1_Init_locks@std@@QAE@XZ 0040b030 f   libcpmtd:xlock.obj
 0001:0000a080       ??1_Lockit@std@@QAE@XZ     0040b080 f   libcpmtd:xlock.obj
 0001:0000a0c0       ?_Init_locks_ctor@_Init_locks@std@@CAXPAV12@@Z 0040b0c0 f   libcpmtd:xlock.obj
 0001:0000a110       ?_Init_locks_dtor@_Init_locks@std@@CAXPAV12@@Z 0040b110 f   libcpmtd:xlock.obj
 0001:0000a160       ?_Lockit_ctor@_Lockit@std@@CAXPAV12@@Z 0040b160 f   libcpmtd:xlock.obj
 0001:0000a180       ?_Lockit_ctor@_Lockit@std@@CAXPAV12@H@Z 0040b180 f   libcpmtd:xlock.obj
 0001:0000a1c0       ?_Lockit_ctor@_Lockit@std@@SAXH@Z 0040b1c0 f   libcpmtd:xlock.obj
 0001:0000a1f0       ?_Lockit_dtor@_Lockit@std@@CAXPAV12@@Z 0040b1f0 f   libcpmtd:xlock.obj
 0001:0000a210       ?_Lockit_dtor@_Lockit@std@@SAXH@Z 0040b210 f   libcpmtd:xlock.obj
 0001:0000a240       ?_Debug_message@std@@YAXPBG0I@Z 0040b240 f   libcpmtd:stdthrow.obj
 0001:0000a260       ?_Debug_message@std@@YAXPB_W0I@Z 0040b260 f   libcpmtd:stdthrow.obj
 0001:0000a290       ??$_Allocate@D@std@@YAPADIPAD@Z 0040b290 f i libcpmtd:xthrow.obj
 0001:0000a2d0       ??$_Debug_pointer@D@std@@YAXPBDPB_WI@Z 0040b2d0 f i libcpmtd:xthrow.obj
 0001:0000a2f0       ??$addressof@D@std@@YAPADAAD@Z 0040b2f0 f i libcpmtd:xthrow.obj
 0001:0000a300       ??$construct@PADAAPAD@?$_Wrap_alloc@V?$allocator@D@std@@@std@@QAEXPAPADAAPAD@Z 0040b300 f i libcpmtd:xthrow.obj
 0001:0000a330       ??$construct@PADAAPAD@?$allocator@D@std@@QAEXPAPADAAPAD@Z 0040b330 f i libcpmtd:xthrow.obj
 0001:0000a3c0       ??$construct@PADAAPAD@?$allocator_traits@V?$allocator@D@std@@@std@@SAXAAV?$allocator@D@1@PAPADAAPAD@Z 0040b3c0 f i libcpmtd:xthrow.obj
 0001:0000a3e0       ??$destroy@PAD@?$_Wrap_alloc@V?$allocator@D@std@@@std@@QAEXPAPAD@Z 0040b3e0 f i libcpmtd:xthrow.obj
 0001:0000a400       ??$destroy@PAD@?$allocator@D@std@@QAEXPAPAD@Z 0040b400 f i libcpmtd:xthrow.obj
 0001:0000a410       ??$destroy@PAD@?$allocator_traits@V?$allocator@D@std@@@std@@SAXAAV?$allocator@D@1@PAPAD@Z 0040b410 f i libcpmtd:xthrow.obj
 0001:0000a430       ??$forward@AAPAD@std@@YAAAPADAAPAD@Z 0040b430 f i libcpmtd:xthrow.obj
 0001:0000a440       ??0?$_String_alloc@$0A@U?$_String_base_types@DV?$allocator@D@std@@@std@@@std@@QAE@ABV?$allocator@D@1@@Z 0040b440 f i libcpmtd:xthrow.obj
 0001:0000a4a0       ??0?$_String_val@U?$_Simple_types@D@std@@@std@@QAE@XZ 0040b4a0 f i libcpmtd:xthrow.obj
 0001:0000a4d0       ??0?$_Wrap_alloc@V?$allocator@D@std@@@std@@QAE@XZ 0040b4d0 f i libcpmtd:xthrow.obj
 0001:0000a4f0       ??0?$allocator@D@std@@QAE@XZ 0040b4f0 f i libcpmtd:xthrow.obj
 0001:0000a500       ??0?$basic_string@DU?$char_traits@D@std@@V?$allocator@D@2@@std@@QAE@PBD@Z 0040b500 f i libcpmtd:xthrow.obj
 0001:0000a580       ??0_Generic_error_category@std@@QAE@XZ 0040b580 f i libcpmtd:xthrow.obj
 0001:0000a5a0       ??0_Ignore@std@@QAE@XZ     0040b5a0 f i libcpmtd:xthrow.obj
 0001:0000a5b0       ??0_Iostream_error_category@std@@QAE@XZ 0040b5b0 f i libcpmtd:xthrow.obj
 0001:0000a5d0       ??0_System_error_category@std@@QAE@XZ 0040b5d0 f i libcpmtd:xthrow.obj
 0001:0000a5f0       ??0bad_alloc@std@@QAE@ABV01@@Z 0040b5f0 f i libcpmtd:xthrow.obj
 0001:0000a620       ??0bad_alloc@std@@QAE@XZ   0040b620 f i libcpmtd:xthrow.obj
 0001:0000a650       ??0bad_function_call@std@@QAE@ABV01@@Z 0040b650 f i libcpmtd:xthrow.obj
 0001:0000a680       ??0bad_function_call@std@@QAE@PBD@Z 0040b680 f i libcpmtd:xthrow.obj
 0001:0000a6b0       ??0error_category@std@@QAE@XZ 0040b6b0 f i libcpmtd:xthrow.obj
 0001:0000a6d0       ??0error_condition@std@@QAE@HABVerror_category@1@@Z 0040b6d0 f i libcpmtd:xthrow.obj
 0001:0000a700       ??0id@locale@std@@QAE@I@Z  0040b700 f i libcpmtd:xthrow.obj
 0001:0000a720       ??0invalid_argument@std@@QAE@ABV01@@Z 0040b720 f i libcpmtd:xthrow.obj
 0001:0000a750       ??0invalid_argument@std@@QAE@PBD@Z 0040b750 f i libcpmtd:xthrow.obj
 0001:0000a780       ??0length_error@std@@QAE@ABV01@@Z 0040b780 f i libcpmtd:xthrow.obj
 0001:0000a7b0       ??0length_error@std@@QAE@PBD@Z 0040b7b0 f i libcpmtd:xthrow.obj
 0001:0000a7e0       ??0logic_error@std@@QAE@ABV01@@Z 0040b7e0 f i libcpmtd:xthrow.obj
 0001:0000a810       ??0logic_error@std@@QAE@PBD@Z 0040b810 f i libcpmtd:xthrow.obj
 0001:0000a840       ??0out_of_range@std@@QAE@ABV01@@Z 0040b840 f i libcpmtd:xthrow.obj
 0001:0000a870       ??0out_of_range@std@@QAE@PBD@Z 0040b870 f i libcpmtd:xthrow.obj
 0001:0000a8a0       ??0overflow_error@std@@QAE@ABV01@@Z 0040b8a0 f i libcpmtd:xthrow.obj
 0001:0000a8d0       ??0overflow_error@std@@QAE@PBD@Z 0040b8d0 f i libcpmtd:xthrow.obj
 0001:0000a900       ??0regex_error@std@@QAE@ABV01@@Z 0040b900 f i libcpmtd:xthrow.obj
 0001:0000a940       ??0regex_error@std@@QAE@W4error_type@regex_constants@1@@Z 0040b940 f i libcpmtd:xthrow.obj
 0001:0000a980       ??0runtime_error@std@@QAE@ABV01@@Z 0040b980 f i libcpmtd:xthrow.obj
 0001:0000a9b0       ??0runtime_error@std@@QAE@PBD@Z 0040b9b0 f i libcpmtd:xthrow.obj
 0001:0000a9e0       ??1?$_String_alloc@$0A@U?$_String_base_types@DV?$allocator@D@std@@@std@@@std@@QAE@XZ 0040b9e0 f i libcpmtd:xthrow.obj
 0001:0000aa00       ??1?$_String_val@U?$_Simple_types@D@std@@@std@@QAE@XZ 0040ba00 f i libcpmtd:xthrow.obj
 0001:0000aa20       ??1_Generic_error_category@std@@UAE@XZ 0040ba20 f i libcpmtd:xthrow.obj
 0001:0000aa40       ??1_Iostream_error_category@std@@UAE@XZ 0040ba40 f i libcpmtd:xthrow.obj
 0001:0000aa60       ??1_System_error_category@std@@UAE@XZ 0040ba60 f i libcpmtd:xthrow.obj
 0001:0000aa80       ??1bad_alloc@std@@UAE@XZ   0040ba80 f i libcpmtd:xthrow.obj
 0001:0000aaa0       ??1bad_function_call@std@@UAE@XZ 0040baa0 f i libcpmtd:xthrow.obj
 0001:0000aac0       ??1error_category@std@@UAE@XZ 0040bac0 f i libcpmtd:xthrow.obj
 0001:0000aae0       ??1invalid_argument@std@@UAE@XZ 0040bae0 f i libcpmtd:xthrow.obj
 0001:0000ab00       ??1length_error@std@@UAE@XZ 0040bb00 f i libcpmtd:xthrow.obj
 0001:0000ab20       ??1logic_error@std@@UAE@XZ 0040bb20 f i libcpmtd:xthrow.obj
 0001:0000ab40       ??1out_of_range@std@@UAE@XZ 0040bb40 f i libcpmtd:xthrow.obj
 0001:0000ab60       ??1overflow_error@std@@UAE@XZ 0040bb60 f i libcpmtd:xthrow.obj
 0001:0000ab80       ??1regex_error@std@@UAE@XZ 0040bb80 f i libcpmtd:xthrow.obj
 0001:0000aba0       ??1runtime_error@std@@UAE@XZ 0040bba0 f i libcpmtd:xthrow.obj
 0001:0000abc0       ??8error_category@std@@QBE_NABV01@@Z 0040bbc0 f i libcpmtd:xthrow.obj
 0001:0000abf0       ??8error_condition@std@@QBE_NABV01@@Z 0040bbf0 f i libcpmtd:xthrow.obj
 0001:0000ac50       ??_G_Generic_error_category@std@@UAEPAXI@Z 0040bc50 f i libcpmtd:xthrow.obj
 0001:0000ac50       ??_E_Generic_error_category@std@@UAEPAXI@Z 0040bc50 f i libcpmtd:xthrow.obj
 0001:0000ac80       ??_G_Iostream_error_category@std@@UAEPAXI@Z 0040bc80 f i libcpmtd:xthrow.obj
 0001:0000ac80       ??_E_Iostream_error_category@std@@UAEPAXI@Z 0040bc80 f i libcpmtd:xthrow.obj
 0001:0000acb0       ??_G_System_error_category@std@@UAEPAXI@Z 0040bcb0 f i libcpmtd:xthrow.obj
 0001:0000acb0       ??_E_System_error_category@std@@UAEPAXI@Z 0040bcb0 f i libcpmtd:xthrow.obj
 0001:0000ace0       ??_Gbad_alloc@std@@UAEPAXI@Z 0040bce0 f i libcpmtd:xthrow.obj
 0001:0000ace0       ??_Ebad_alloc@std@@UAEPAXI@Z 0040bce0 f i libcpmtd:xthrow.obj
 0001:0000ad10       ??_Ebad_function_call@std@@UAEPAXI@Z 0040bd10 f i libcpmtd:xthrow.obj
 0001:0000ad10       ??_Gbad_function_call@std@@UAEPAXI@Z 0040bd10 f i libcpmtd:xthrow.obj
 0001:0000ad40       ??_Gerror_category@std@@UAEPAXI@Z 0040bd40 f i libcpmtd:xthrow.obj
 0001:0000ad40       ??_Eerror_category@std@@UAEPAXI@Z 0040bd40 f i libcpmtd:xthrow.obj
 0001:0000ad70       ??_Ginvalid_argument@std@@UAEPAXI@Z 0040bd70 f i libcpmtd:xthrow.obj
 0001:0000ad70       ??_Einvalid_argument@std@@UAEPAXI@Z 0040bd70 f i libcpmtd:xthrow.obj
 0001:0000ada0       ??_Glength_error@std@@UAEPAXI@Z 0040bda0 f i libcpmtd:xthrow.obj
 0001:0000ada0       ??_Elength_error@std@@UAEPAXI@Z 0040bda0 f i libcpmtd:xthrow.obj
 0001:0000add0       ??_Glogic_error@std@@UAEPAXI@Z 0040bdd0 f i libcpmtd:xthrow.obj
 0001:0000add0       ??_Elogic_error@std@@UAEPAXI@Z 0040bdd0 f i libcpmtd:xthrow.obj
 0001:0000ae00       ??_Gout_of_range@std@@UAEPAXI@Z 0040be00 f i libcpmtd:xthrow.obj
 0001:0000ae00       ??_Eout_of_range@std@@UAEPAXI@Z 0040be00 f i libcpmtd:xthrow.obj
 0001:0000ae30       ??_Eoverflow_error@std@@UAEPAXI@Z 0040be30 f i libcpmtd:xthrow.obj
 0001:0000ae30       ??_Goverflow_error@std@@UAEPAXI@Z 0040be30 f i libcpmtd:xthrow.obj
 0001:0000ae60       ??_Gregex_error@std@@UAEPAXI@Z 0040be60 f i libcpmtd:xthrow.obj
 0001:0000ae60       ??_Eregex_error@std@@UAEPAXI@Z 0040be60 f i libcpmtd:xthrow.obj
 0001:0000ae90       ??_Gruntime_error@std@@UAEPAXI@Z 0040be90 f i libcpmtd:xthrow.obj
 0001:0000ae90       ??_Eruntime_error@std@@UAEPAXI@Z 0040be90 f i libcpmtd:xthrow.obj
 0001:0000aec0       ?_Alloc_proxy@?$_String_alloc@$0A@U?$_String_base_types@DV?$allocator@D@std@@@std@@@std@@QAEXXZ 0040bec0 f i libcpmtd:xthrow.obj
 0001:0000af10       ?_Copy@?$basic_string@DU?$char_traits@D@std@@V?$allocator@D@2@@std@@QAEXII@Z 0040bf10 f i libcpmtd:xthrow.obj
 0001:0000b0d0       ?_Eos@?$basic_string@DU?$char_traits@D@std@@V?$allocator@D@2@@std@@QAEXI@Z 0040c0d0 f i libcpmtd:xthrow.obj
 0001:0000b110       ?_Free_proxy@?$_String_alloc@$0A@U?$_String_base_types@DV?$allocator@D@std@@@std@@@std@@QAEXXZ 0040c110 f i libcpmtd:xthrow.obj
 0001:0000b160       ?_Getal@?$_String_alloc@$0A@U?$_String_base_types@DV?$allocator@D@std@@@std@@@std@@QBE?AU?$_Wrap_alloc@V?$allocator@D@std@@@2@XZ 0040c160 f i libcpmtd:xthrow.obj
 0001:0000b180       ?_Grow@?$basic_string@DU?$char_traits@D@std@@V?$allocator@D@2@@std@@QAE_NI_N@Z 0040c180 f i libcpmtd:xthrow.obj
 0001:0000b230       ?_Inside@?$basic_string@DU?$char_traits@D@std@@V?$allocator@D@2@@std@@QAE_NPBD@Z 0040c230 f i libcpmtd:xthrow.obj
 0001:0000b270       ?_Myptr@?$_String_val@U?$_Simple_types@D@std@@@std@@QAEPADXZ 0040c270 f i libcpmtd:xthrow.obj
 0001:0000b2b0       ?_Myptr@?$_String_val@U?$_Simple_types@D@std@@@std@@QBEPBDXZ 0040c2b0 f i libcpmtd:xthrow.obj
 0001:0000b2f0       ?_Stringify@regex_error@std@@CAPBDW4error_type@regex_constants@2@@Z 0040c2f0 f i libcpmtd:xthrow.obj
 0001:0000b3c0       ?_Tidy@?$basic_string@DU?$char_traits@D@std@@V?$allocator@D@2@@std@@QAEX_NI@Z 0040c3c0 f i libcpmtd:xthrow.obj
 0001:0000b470       ?_Xbad_alloc@std@@YAXXZ    0040c470 f   libcpmtd:xthrow.obj
 0001:0000b490       ?_Xbad_function_call@std@@YAXXZ 0040c490 f   libcpmtd:xthrow.obj
 0001:0000b4c0       ?_Xinvalid_argument@std@@YAXPBD@Z 0040c4c0 f   libcpmtd:xthrow.obj
 0001:0000b4f0       ?_Xlen@?$basic_string@DU?$char_traits@D@std@@V?$allocator@D@2@@std@@QBEXXZ 0040c4f0 f i libcpmtd:xthrow.obj
 0001:0000b510       ?_Xlength_error@std@@YAXPBD@Z 0040c510 f   libcpmtd:xthrow.obj
 0001:0000b540       ?_Xout_of_range@std@@YAXPBD@Z 0040c540 f   libcpmtd:xthrow.obj
 0001:0000b570       ?_Xoverflow_error@std@@YAXPBD@Z 0040c570 f   libcpmtd:xthrow.obj
 0001:0000b5a0       ?_Xran@?$basic_string@DU?$char_traits@D@std@@V?$allocator@D@2@@std@@QBEXXZ 0040c5a0 f i libcpmtd:xthrow.obj
 0001:0000b5c0       ?_Xregex_error@std@@YAXW4error_type@regex_constants@1@@Z 0040c5c0 f   libcpmtd:xthrow.obj
 0001:0000b5f0       ?_Xruntime_error@std@@YAXPBD@Z 0040c5f0 f   libcpmtd:xthrow.obj
 0001:0000b620       ?allocate@?$_Wrap_alloc@V?$allocator@D@std@@@std@@QAEPADI@Z 0040c620 f i libcpmtd:xthrow.obj
 0001:0000b640       ?allocate@?$allocator@D@std@@QAEPADI@Z 0040c640 f i libcpmtd:xthrow.obj
 0001:0000b660       ?assign@?$basic_string@DU?$char_traits@D@std@@V?$allocator@D@2@@std@@QAEAAV12@ABV12@II@Z 0040c660 f i libcpmtd:xthrow.obj
 0001:0000b710       ?assign@?$basic_string@DU?$char_traits@D@std@@V?$allocator@D@2@@std@@QAEAAV12@PBD@Z 0040c710 f i libcpmtd:xthrow.obj
 0001:0000b750       ?assign@?$basic_string@DU?$char_traits@D@std@@V?$allocator@D@2@@std@@QAEAAV12@PBDI@Z 0040c750 f i libcpmtd:xthrow.obj
 0001:0000b7f0       ?assign@?$char_traits@D@std@@SAXAADABD@Z 0040c7f0 f i libcpmtd:xthrow.obj
 0001:0000b800       ?category@error_code@std@@QBEABVerror_category@2@XZ 0040c800 f i libcpmtd:xthrow.obj
 0001:0000b820       ?category@error_condition@std@@QBEABVerror_category@2@XZ 0040c820 f i libcpmtd:xthrow.obj
 0001:0000b840       ?copy@?$char_traits@D@std@@SAPADPADPBDI@Z 0040c840 f i libcpmtd:xthrow.obj
 0001:0000b870       ?deallocate@?$_Wrap_alloc@V?$allocator@D@std@@@std@@QAEXPADI@Z 0040c870 f i libcpmtd:xthrow.obj
 0001:0000b890       ?deallocate@?$allocator@D@std@@QAEXPADI@Z 0040c890 f i libcpmtd:xthrow.obj
 0001:0000b8b0       ?default_error_condition@_System_error_category@std@@UBE?AVerror_condition@2@H@Z 0040c8b0 f i libcpmtd:xthrow.obj
 0001:0000b900       ?default_error_condition@error_category@std@@UBE?AVerror_condition@2@H@Z 0040c900 f i libcpmtd:xthrow.obj
 0001:0000b920       ?equivalent@error_category@std@@UBE_NABVerror_code@2@H@Z 0040c920 f i libcpmtd:xthrow.obj
 0001:0000b970       ?equivalent@error_category@std@@UBE_NHABVerror_condition@2@@Z 0040c970 f i libcpmtd:xthrow.obj
 0001:0000b9a0       ?erase@?$basic_string@DU?$char_traits@D@std@@V?$allocator@D@2@@std@@QAEAAV12@I@Z 0040c9a0 f i libcpmtd:xthrow.obj
 0001:0000b9d0       ?erase@?$basic_string@DU?$char_traits@D@std@@V?$allocator@D@2@@std@@QAEAAV12@II@Z 0040c9d0 f i libcpmtd:xthrow.obj
 0001:0000ba60       ?generic_category@std@@YAABVerror_category@1@XZ 0040ca60 f i libcpmtd:xthrow.obj
 0001:0000ba70       ?length@?$char_traits@D@std@@SAIPBD@Z 0040ca70 f i libcpmtd:xthrow.obj
 0001:0000baa0       ?max_size@?$_Wrap_alloc@V?$allocator@D@std@@@std@@QBEIXZ 0040caa0 f i libcpmtd:xthrow.obj
 0001:0000bac0       ?max_size@?$allocator@D@std@@QBEIXZ 0040cac0 f i libcpmtd:xthrow.obj
 0001:0000bad0       ?max_size@?$allocator_traits@V?$allocator@D@std@@@std@@SAIABV?$allocator@D@2@@Z 0040cad0 f i libcpmtd:xthrow.obj
 0001:0000bae0       ?max_size@?$basic_string@DU?$char_traits@D@std@@V?$allocator@D@2@@std@@QBEIXZ 0040cae0 f i libcpmtd:xthrow.obj
 0001:0000bb20       ?message@_Generic_error_category@std@@UBE?AV?$basic_string@DU?$char_traits@D@std@@V?$allocator@D@2@@2@H@Z 0040cb20 f i libcpmtd:xthrow.obj
 0001:0000bb80       ?message@_Iostream_error_category@std@@UBE?AV?$basic_string@DU?$char_traits@D@std@@V?$allocator@D@2@@2@H@Z 0040cb80 f i libcpmtd:xthrow.obj
 0001:0000bbe0       ?message@_System_error_category@std@@UBE?AV?$basic_string@DU?$char_traits@D@std@@V?$allocator@D@2@@2@H@Z 0040cbe0 f i libcpmtd:xthrow.obj
 0001:0000bc40       ?move@?$char_traits@D@std@@SAPADPADPBDI@Z 0040cc40 f i libcpmtd:xthrow.obj
 0001:0000bc70       ?name@_Generic_error_category@std@@UBEPBDXZ 0040cc70 f i libcpmtd:xthrow.obj
 0001:0000bc80       ?name@_Iostream_error_category@std@@UBEPBDXZ 0040cc80 f i libcpmtd:xthrow.obj
 0001:0000bc90       ?name@_System_error_category@std@@UBEPBDXZ 0040cc90 f i libcpmtd:xthrow.obj
 0001:0000bca0       ?size@?$basic_string@DU?$char_traits@D@std@@V?$allocator@D@2@@std@@QBEIXZ 0040cca0 f i libcpmtd:xthrow.obj
 0001:0000bcc0       ?system_category@std@@YAABVerror_category@1@XZ 0040ccc0 f i libcpmtd:xthrow.obj
 0001:0000bcd0       ?value@error_code@std@@QBEHXZ 0040ccd0 f i libcpmtd:xthrow.obj
 0001:0000bce0       ?value@error_condition@std@@QBEHXZ 0040cce0 f i libcpmtd:xthrow.obj
 0001:0000bcf0       ?what@bad_function_call@std@@UBEPBDXZ 0040ccf0 f i libcpmtd:xthrow.obj
 0001:0000bd00       __Mtxdst                   0040cd00 f   libcpmtd:xmtx.obj
 0001:0000bd10       __Mtxinit                  0040cd10 f   libcpmtd:xmtx.obj
 0001:0000bd30       __Mtxlock                  0040cd30 f   libcpmtd:xmtx.obj
 0001:0000bd40       __Mtxunlock                0040cd40 f   libcpmtd:xmtx.obj
 0001:0000bd50       __Once                     0040cd50 f   libcpmtd:xmtx.obj
 0001:0000bdb0       ?_Syserror_map@std@@YAPBDH@Z 0040cdb0 f   libcpmtd:syserror.obj
 0001:0000be00       ?_Winerror_map@std@@YAPBDH@Z 0040ce00 f   libcpmtd:syserror.obj
 0001:0000be50       __get_purecall_handler     0040ce50 f   LIBCMTD:purevirt.obj
 0001:0000be70       __purecall                 0040ce70 f   LIBCMTD:purevirt.obj
 0001:0000beb0       __set_purecall_handler     0040ceb0 f   LIBCMTD:purevirt.obj
 0001:0000bee0       ??2@YAPAXI@Z               0040cee0 f   LIBCMTD:new.obj
 0001:0000bf30       ??3@YAXPAX@Z               0040cf30 f   LIBCMTD:dbgdel.obj
 0001:0000c020       ___onexitinit              0040d020 f   LIBCMTD:onexit.obj
 0001:0000c080       __onexit                   0040d080 f   LIBCMTD:onexit.obj
 0001:0000c240       _atexit                    0040d240 f   LIBCMTD:onexit.obj
 0001:0000c270       ?_invalid_parameter@@YAXPBG00II@Z 0040d270 f   LIBCMTD:invarg.obj
 0001:0000c2a0       ?_invoke_watson@@YAXPBG00II@Z 0040d2a0 f   LIBCMTD:invarg.obj
 0001:0000c2c0       __call_reportfault         0040d2c0 f   LIBCMTD:invarg.obj
 0001:0000c420       __get_invalid_parameter_handler 0040d420 f   LIBCMTD:invarg.obj
 0001:0000c450       __initp_misc_invarg        0040d450 f   LIBCMTD:invarg.obj
 0001:0000c460       __invalid_parameter        0040d460 f   LIBCMTD:invarg.obj
 0001:0000c4c0       __invoke_watson            0040d4c0 f   LIBCMTD:invarg.obj
 0001:0000c500       __set_invalid_parameter_handler 0040d500 f   LIBCMTD:invarg.obj
 0001:0000c540       _memset                    0040d540 f   LIBCMTD:memset.obj
 0001:0000c5d0       _memmove                   0040d5d0 f   LIBCMTD:memmove.obj
 0001:0000cc20       _labs                      0040dc20 f   LIBCMTD:labs.obj
 0001:0000cd50       __i64toa                   0040dd50 f   LIBCMTD:xtoa.obj
 0001:0000cda0       __itoa                     0040dda0 f   LIBCMTD:xtoa.obj
 0001:0000cde0       __ltoa                     0040dde0 f   LIBCMTD:xtoa.obj
 0001:0000ce20       __ui64toa                  0040de20 f   LIBCMTD:xtoa.obj
 0001:0000ce40       __ultoa                    0040de40 f   LIBCMTD:xtoa.obj
 0001:0000cf30       ??0_LocaleUpdate@@QAE@PAUlocaleinfo_struct@@@Z 0040df30 f i LIBCMTD:mbscmp.obj
 0001:0000d010       ??1_LocaleUpdate@@QAE@XZ   0040e010 f i LIBCMTD:mbscmp.obj
 0001:0000d040       ?GetLocaleT@_LocaleUpdate@@QAEPAUlocaleinfo_struct@@XZ 0040e040 f i LIBCMTD:mbscmp.obj
 0001:0000d050       __mbscmp                   0040e050 f   LIBCMTD:mbscmp.obj
 0001:0000d070       __mbscmp_l                 0040e070 f   LIBCMTD:mbscmp.obj
 0001:0000d300       ?_CrtDbgReportW@@YAHHPBGH00ZZ 0040e300 f   LIBCMTD:dbgrptw.obj
 0001:0000d350       __CrtDbgReportW            0040e350 f   LIBCMTD:dbgrptw.obj
 0001:0000d3a0       __CrtDbgReportWV           0040e3a0 f i LIBCMTD:dbgrptw.obj
 0001:0000d3d0       __CrtSetReportHookW2       0040e3d0 f   LIBCMTD:dbgrptw.obj
 0001:0000d720       ___crtMessageWindowW       0040e720 f   LIBCMTD:dbgrptw.obj
 0001:0000dbd0       __invoke_watson_if_error   0040ebd0 f i LIBCMTD:dbgrptw.obj
 0001:0000dc00       __invoke_watson_if_oneof   0040ec00 f i LIBCMTD:dbgrptw.obj
 0001:0000dc40       __CIsqrt                   0040ec40 f   LIBCMTD:sqrt.obj
 0001:0000dc54       _sqrt                      0040ec54     LIBCMTD:sqrt.obj
 0001:0000dd00       @_RTC_AllocaHelper@12      0040ed00 f   LIBCMTD:stack.obj
 0001:0000dd40       @_RTC_CheckStackVars2@12   0040ed40 f   LIBCMTD:stack.obj
 0001:0000de20       @_RTC_CheckStackVars@8     0040ee20 f   LIBCMTD:stack.obj
 0001:0000de80       __RTC_CheckEsp             0040ee80 f   LIBCMTD:stack.obj
 0001:0000deb0       @__security_check_cookie@4 0040eeb0 f   LIBCMTD:secchk.obj
 0001:0000dec0       __CxxThrowException@8      0040eec0 f   LIBCMTD:throw.obj
 0001:0000df60       __RTC_InitBase             0040ef60 f   LIBCMTD:init.obj
 0001:0000df90       __RTC_Shutdown             0040ef90 f   LIBCMTD:init.obj
 0001:0000e0b0       ?_CallCatchBlock2@@YAPAXPAUEHRegistrationNode@@PBU_s_FuncInfo@@PAXHK@Z 0040f0b0 f   LIBCMTD:_trnsctrl_.obj
 0001:0000e120       ?_CallMemberFunction0@@YGXPAX0@Z 0040f120 f   LIBCMTD:_trnsctrl_.obj
 0001:0000e130       ?_CallMemberFunction1@@YGXPAX00@Z 0040f130 f   LIBCMTD:_trnsctrl_.obj
 0001:0000e140       ?_CallMemberFunction2@@YGXPAX00H@Z 0040f140 f   LIBCMTD:_trnsctrl_.obj
[...]
 0002:000145e4       __ehfuncinfo$??0DeskListUI@@QAE@XZ 004705e4     GameDemo.obj
 0002:00014608       __unwindtable$?CreateControl@CDialogBuilderCallbackEx@@UAEPAVCControlUI@DuiLib@@PBD@Z 00470608     GameDemo.obj
 0002:00014618       __ehfuncinfo$?CreateControl@CDialogBuilderCallbackEx@@UAEPAVCControlUI@DuiLib@@PBD@Z 00470618     GameDemo.obj
 0002:0001463c       __unwindtable$?Init@CLoginFrameWnd@@QAEXXZ 0047063c     GameDemo.obj
 0002:00014644       __ehfuncinfo$?Init@CLoginFrameWnd@@QAEXXZ 00470644     GameDemo.obj
 0002:00014668       __unwindtable$?Notify@CLoginFrameWnd@@UAEXAAUtagTNotifyUI@DuiLib@@@Z 00470668     GameDemo.obj
 0002:00014688       __ehfuncinfo$?Notify@CLoginFrameWnd@@UAEXAAUtagTNotifyUI@DuiLib@@@Z 00470688     GameDemo.obj
 0002:000146ac       __unwindtable$?OnCreate@CLoginFrameWnd@@QAEJIIJAAH@Z 004706ac     GameDemo.obj
 0002:000146b4       __ehfuncinfo$?OnCreate@CLoginFrameWnd@@QAEJIIJAAH@Z 004706b4     GameDemo.obj
 0002:000146d8       __unwindtable$?MessageHandler@CLoginFrameWnd@@UAEJIIJAA_N@Z 004706d8     GameDemo.obj
 0002:000146e8       __ehfuncinfo$?MessageHandler@CLoginFrameWnd@@UAEJIIJAA_N@Z 004706e8     GameDemo.obj
 0002:0001470c       __unwindtable$?OnPrepare@CGameFrameWnd@@QAEXXZ 0047070c     GameDemo.obj
 0002:0001471c       __ehfuncinfo$?OnPrepare@CGameFrameWnd@@QAEXXZ 0047071c     GameDemo.obj
 0002:00014740       __unwindtable$?SendChatMessage@CGameFrameWnd@@QAEXXZ 00470740     GameDemo.obj
 0002:00014750       __ehfuncinfo$?SendChatMessage@CGameFrameWnd@@QAEXXZ 00470750     GameDemo.obj
 0002:00014774       __ehfuncinfo$?Notify@CGameFrameWnd@@UAEXAAUtagTNotifyUI@DuiLib@@@Z 00470774     GameDemo.obj
 0002:00014798       __unwindtable$?Notify@CGameFrameWnd@@UAEXAAUtagTNotifyUI@DuiLib@@@Z 00470798     GameDemo.obj
 0002:000147c0       __unwindtable$?GetItemText@CGameFrameWnd@@UAEPBDPAVCControlUI@DuiLib@@HH@Z 004707c0     GameDemo.obj
 0002:000147c8       __ehfuncinfo$?GetItemText@CGameFrameWnd@@UAEPBDPAVCControlUI@DuiLib@@HH@Z 004707c8     GameDemo.obj
 0002:000147ec       __unwindtable$?OnCreate@CGameFrameWnd@@QAEJIIJAAH@Z 004707ec     GameDemo.obj
 0002:000147f4       __ehfuncinfo$?OnCreate@CGameFrameWnd@@QAEJIIJAAH@Z 004707f4     GameDemo.obj
 0002:00014818       __unwindtable$??$construct@PAVNode@GameListUI@@AAPAV12@@?$allocator@PAVNode@GameListUI@@@std@@QAEXPAPAVNode@GameListUI@@AAPAV23@@Z 00470818     GameDemo.obj
 0002:00014820       __ehfuncinfo$??$construct@PAVNode@GameListUI@@AAPAV12@@?$allocator@PAVNode@GameListUI@@@std@@QAEXPAPAVNode@GameListUI@@AAPAV23@@Z 00470820     GameDemo.obj
 0002:00014844       __unwindtable$??$construct@U_Container_proxy@std@@U12@@?$allocator@U_Container_proxy@std@@@std@@QAEXPAU_Container_proxy@1@$$QAU21@@Z 00470844     GameDemo.obj
 0002:0001484c       __ehfuncinfo$??$construct@U_Container_proxy@std@@U12@@?$allocator@U_Container_proxy@std@@@std@@QAEXPAU_Container_proxy@1@$$QAU21@@Z 0047084c     GameDemo.obj
 0002:00014870       __unwindtable$??0?$_String_alloc@$0A@U?$_String_base_types@DV?$allocator@D@std@@@std@@@std@@QAE@ABV?$allocator@D@1@@Z 00470870     libcpmtd:xthrow.obj
 0002:00014878       __ehfuncinfo$??0?$_String_alloc@$0A@U?$_String_base_types@DV?$allocator@D@std@@@std@@@std@@QAE@ABV?$allocator@D@1@@Z 00470878     libcpmtd:xthrow.obj
 0002:0001489c       __unwindtable$??0?$basic_string@DU?$char_traits@D@std@@V?$allocator@D@2@@std@@QAE@PBD@Z 0047089c     libcpmtd:xthrow.obj
 0002:000148a4       __ehfuncinfo$??0?$basic_string@DU?$char_traits@D@std@@V?$allocator@D@2@@std@@QAE@PBD@Z 004708a4     libcpmtd:xthrow.obj
 0002:000148c8       __catchsym$?_Copy@?$basic_string@DU?$char_traits@D@std@@V?$allocator@D@2@@std@@QAEXII@Z$5 004708c8     libcpmtd:xthrow.obj
 0002:000148d8       __catchsym$?_Copy@?$basic_string@DU?$char_traits@D@std@@V?$allocator@D@2@@std@@QAEXII@Z$4 004708d8     libcpmtd:xthrow.obj
 0002:000148e8       __unwindtable$?_Copy@?$basic_string@DU?$char_traits@D@std@@V?$allocator@D@2@@std@@QAEXII@Z 004708e8     libcpmtd:xthrow.obj
 0002:00014908       __ehfuncinfo$?_Copy@?$basic_string@DU?$char_traits@D@std@@V?$allocator@D@2@@std@@QAEXII@Z 00470908     libcpmtd:xthrow.obj
 0002:0001492c       __tryblocktable$?_Copy@?$basic_string@DU?$char_traits@D@std@@V?$allocator@D@2@@std@@QAEXII@Z 0047092c     libcpmtd:xthrow.obj
 0002:00014954       __unwindtable$??$construct@PADAAPAD@?$allocator@D@std@@QAEXPAPADAAPAD@Z 00470954     libcpmtd:xthrow.obj
 0002:0001495c       __ehfuncinfo$??$construct@PADAAPAD@?$allocator@D@std@@QAEXPAPADAAPAD@Z 0047095c     libcpmtd:xthrow.obj
 0002:00014b90       __sehtable$??3@YAXPAX@Z    00470b90     LIBCMTD:dbgdel.obj
 0002:00014bb0       __sehtable$__onexit        00470bb0     LIBCMTD:onexit.obj
 0002:00014bd0       __sehtable$__CrtSetReportHookW2 00470bd0     LIBCMTD:dbgrptw.obj
 0002:00014bf0       __sehtable$___tmainCRTStartup 00470bf0     LIBCMTD:wincrt0.obj
 0002:00014c10       __sehtable$__mtinitlocknum 00470c10     LIBCMTD:mlock.obj
 0002:00014c30       __sehtable$__realloc_dbg   00470c30     LIBCMTD:dbgheap.obj
 0002:00014c50       __sehtable$__expand_dbg    00470c50     LIBCMTD:dbgheap.obj
 0002:00014c70       __sehtable$__free_dbg      00470c70     LIBCMTD:dbgheap.obj
 0002:00014c90       __sehtable$__msize_dbg     00470c90     LIBCMTD:dbgheap.obj
 0002:00014cb0       __sehtable$__CrtCheckMemory 00470cb0     LIBCMTD:dbgheap.obj
 0002:00014cd0       __sehtable$__CrtSetDbgFlag 00470cd0     LIBCMTD:dbgheap.obj
 0002:00014cf0       __sehtable$__CrtDoForAllClientObjects 00470cf0     LIBCMTD:dbgheap.obj
 0002:00014d10       __sehtable$__CrtIsMemoryBlock 00470d10     LIBCMTD:dbgheap.obj
 0002:00014d30       __sehtable$__CrtMemCheckpoint 00470d30     LIBCMTD:dbgheap.obj
 0002:00014d50       __sehtable$__CrtSetDbgBlockType 00470d50     LIBCMTD:dbgheap.obj
 0002:00014d70       __sehtable$__heap_alloc_dbg_impl 00470d70     LIBCMTD:dbgheap.obj
 0002:00014d90       __sehtable$?__crtIsBadReadPtr@@YAHPBXI@Z 00470d90     LIBCMTD:dbgheap.obj
 0002:00014db0       __sehtable$?_CrtMemDumpAllObjectsSince_stat@@YAXPBU_CrtMemState@@PAUlocaleinfo_struct@@@Z 00470db0     LIBCMTD:dbgheap.obj
 0002:00014dd0       __sehtable$_doexit         00470dd0     LIBCMTD:crt0dat.obj
 0002:00014df0       __sehtable$___updatetlocinfo 00470df0     LIBCMTD:localref.obj
 0002:00014e10       __sehtable$___updatetmbcinfo 00470e10     LIBCMTD:mbctype.obj
 0002:00014e30       __sehtable$__setmbcp       00470e30     LIBCMTD:mbctype.obj
 0002:00014e4c       __unwindtable$?getSystemCP@@YAHH@Z 00470e4c     LIBCMTD:mbctype.obj
 0002:00014e54       __ehfuncinfo$?getSystemCP@@YAHH@Z 00470e54     LIBCMTD:mbctype.obj
 0002:00014e78       __sehtable$__freefls@4     00470e78     LIBCMTD:tidtable.obj
 0002:00014ea0       __sehtable$__initptd       00470ea0     LIBCMTD:tidtable.obj
 0002:00014ec8       __sehtable$_signal         00470ec8     LIBCMTD:winsig.obj
 0002:00014ee8       __sehtable$_raise          00470ee8     LIBCMTD:winsig.obj
 0002:00014f08       __sehtable$_ctrlevent_capture@4 00470f08     LIBCMTD:winsig.obj
 0002:00014f28       __sehtable$__VCrtDbgReportA 00470f28     LIBCMTD:dbgrptt.obj
 0002:00014f50       __sehtable$__VCrtDbgReportW 00470f50     LIBCMTD:dbgrptt.obj
 0002:00014f78       __sehtable$?DebuggerProbe@@YAHK@Z 00470f78     LIBCMTD:error.obj
 0002:00014f98       __sehtable$?DebuggerRuntime@@YAHKHPAXPB_W@Z 00470f98     LIBCMTD:error.obj
 0002:00014fb8       __sehtable$?terminate@@YAXXZ 00470fb8     LIBCMTD:hooks.obj
 0002:00014fd8       __sehtable$?_inconsistency@@YAXXZ 00470fd8     LIBCMTD:hooks.obj
 0002:00014ff8       __sehtable$___FrameUnwindToState 00470ff8     LIBCMTD:frame.obj
 0002:00015020       __sehtable$?CallCatchBlock@@YAPAXPAUEHExceptionRecord@@PAUEHRegistrationNode@@PAU_CONTEXT@@PBU_s_FuncInfo@@PAXHK@Z 00471020     LIBCMTD:frame.obj
 0002:00015048       __sehtable$___BuildCatchObject 00471048     LIBCMTD:frame.obj
 0002:00015068       __sehtable$___DestructExceptionObject 00471068     LIBCMTD:frame.obj
 0002:00015084       __catchsym$?CallUnexpected@@YAXPBU_s_ESTypeList@@@Z$2 00471084     LIBCMTD:frame.obj
 0002:00015094       __unwindtable$?CallUnexpected@@YAXPBU_s_ESTypeList@@@Z 00471094     LIBCMTD:frame.obj
 0002:000150a4       __tryblocktable$?CallUnexpected@@YAXPBU_s_ESTypeList@@@Z 004710a4     LIBCMTD:frame.obj
 0002:000150b8       __ehfuncinfo$?CallUnexpected@@YAXPBU_s_ESTypeList@@@Z 004710b8     LIBCMTD:frame.obj
 0002:000150e0       __sehtable$___BuildCatchObjectHelper 004710e0     LIBCMTD:frame.obj
 0002:00015138       __sehtable$?_Name_base@type_info@@CAPBDPBV1@PAU__type_info_node@@@Z 00471138     LIBCMTD:typname.obj
 0002:00015158       __sehtable$?_Type_info_dtor@type_info@@CAXPAV1@@Z 00471158     LIBCMTD:typname.obj
 0002:00015178       __sehtable$?_Name_base_internal@type_info@@CAPBDPBV1@PAU__type_info_node@@@Z 00471178     LIBCMTD:typname.obj
 0002:00015198       __sehtable$?_Type_info_dtor_internal@type_info@@CAXPAV1@@Z 00471198     LIBCMTD:typname.obj
 0002:000151b8       __sehtable$___clean_type_info_names_internal 004711b8     LIBCMTD:typname.obj
 0002:000151d8       __sehtable$_fflush         004711d8     LIBCMTD:fflush.obj
 0002:000151f8       __sehtable$_flsall         004711f8     LIBCMTD:fflush.obj
 0002:00015220       __sehtable$_setvbuf        00471220     LIBCMTD:setvbuf.obj
 0002:00015240       __sehtable$_fwprintf       00471240     LIBCMTD:fwprintf.obj
 0002:00015260       __sehtable$___set_fpsr_sse2 00471260     LIBCMTD:fpctrl.obj
 0002:00015280       __sehtable$__ioinit        00471280     LIBCMTD:ioinit.obj
 0002:000152a0       __sehtable$__CrtSetReportHook2 004712a0     LIBCMTD:dbgrpt.obj
 0002:000152c0       __sehtable$__IsNonwritableInCurrentImage 004712c0     LIBCMTD:pesect.obj
 0002:000152e0       __sehtable$___unDName      004712e0     LIBCMTD:undname.obj
 0002:00015300       __sehtable$___unDNameEx    00471300     LIBCMTD:undname.obj
 0002:0001531c       __unwindtable$?make@DNameStatusNode@@SAPAV1@W4DNameStatus@@@Z 0047131c     LIBCMTD:undname.obj
 0002:00015324       __ehfuncinfo$?make@DNameStatusNode@@SAPAV1@W4DNameStatus@@@Z 00471324     LIBCMTD:undname.obj
 0002:00015348       __sehtable$__write         00471348     LIBCMTD:write.obj
 0002:00015368       __sehtable$__lseeki64      00471368     LIBCMTD:lseeki64.obj
 0002:00015388       __sehtable$_printf         00471388     LIBCMTD:printf.obj
 0002:000153a8       __sehtable$__fcloseall     004713a8     LIBCMTD:closeall.obj
 0002:000153c8       __sehtable$__commit        004713c8     LIBCMTD:commit.obj
 0002:000153e8       __sehtable$_vfwprintf_helper 004713e8     LIBCMTD:vfwprint.obj
 0002:00015404       __unwindtable$?x_ismbbtype_l@@YAHPAUlocaleinfo_struct@@IHH@Z 00471404     LIBCMTD:ismbbyte.obj
 0002:0001540c       __ehfuncinfo$?x_ismbbtype_l@@YAHPAUlocaleinfo_struct@@IHH@Z 0047140c     LIBCMTD:ismbbyte.obj
 0002:00015430       __sehtable$__get_current_locale 00471430     LIBCMTD:wsetloca.obj
 0002:00015458       __sehtable$__free_locale   00471458     LIBCMTD:wsetloca.obj
 0002:00015480       __sehtable$__wsetlocale    00471480     LIBCMTD:wsetloca.obj
 0002:000154b8       __sehtable$__locterm       004714b8     LIBCMTD:wsetloca.obj
 0002:000154d8       __sehtable$_fputwc         004714d8     LIBCMTD:fputwc.obj
 0002:000154f8       __sehtable$__alloc_osfhnd  004714f8     LIBCMTD:osfinfo.obj
 0002:00015520       __sehtable$___lock_fhandle 00471520     LIBCMTD:osfinfo.obj
 0002:00015540       __sehtable$__open_osfhandle 00471540     LIBCMTD:osfinfo.obj
 0002:00015560       __sehtable$__putwch        00471560     LIBCMTD:putwch.obj
 0002:0001557c       __unwindtable$?strtoxl@@YAKPAUlocaleinfo_struct@@PBDPAPBDHH@Z 0047157c     LIBCMTD:strtol.obj
 0002:00015584       __ehfuncinfo$?strtoxl@@YAKPAUlocaleinfo_struct@@PBDPAPBDHH@Z 00471584     LIBCMTD:strtol.obj
 0002:000155a8       __sehtable$_vprintf_helper 004715a8     LIBCMTD:vprintf.obj
 0002:000155c8       __sehtable$_fclose         004715c8     LIBCMTD:fclose.obj
 0002:000155e4       __unwindtable$?strtoxq@@YA_KPAUlocaleinfo_struct@@PBDPAPBDHH@Z 004715e4     LIBCMTD:strtoq.obj
 0002:000155ec       __ehfuncinfo$?strtoxq@@YA_KPAUlocaleinfo_struct@@PBDPAPBDHH@Z 004715ec     LIBCMTD:strtoq.obj
 0002:00015610       __sehtable$__close         00471610     LIBCMTD:close.obj
 0002:0001562c       __unwindtable$?wcstoxq@@YA_KPAUlocaleinfo_struct@@PB_WPAPB_WHH@Z 0047162c     LIBCMTD:wcstoq.obj
 0002:00015634       __ehfuncinfo$?wcstoxq@@YA_KPAUlocaleinfo_struct@@PB_WPAPB_WHH@Z 00471634     LIBCMTD:wcstoq.obj
 0002:000192b0       .idata$6                   004752b0     duilib_d:DuiLib_d.dll
 0002:0001940c       .idata$6                   0047540c     kernel32:KERNEL32.dll
 0002:0001952a       .idata$6                   0047552a     user32:USER32.dll
 0002:0001955c       .idata$6                   0047555c     gdi32:GDI32.dll
 0002:000195bc       .idata$6                   004755bc     advapi32:ADVAPI32.dll
 0002:000195ec       .idata$6                   004755ec     ole32:ole32.dll
 0003:00000000       _init                      00476000     libcpmtd:xlock.obj
 0003:00000010       _dotdotdot                 00476010     LIBCMTD:dbgrptw.obj
 0003:00000020       _NAME_                     00476020     LIBCMTD:sqrt.obj
 0003:00000040       __assertstring             00476040     LIBCMTD:wassert.obj
 0003:00000090       _dotdotdot                 00476090     LIBCMTD:wassert.obj
 0003:00000094       _newline                   00476094     LIBCMTD:wassert.obj
 0003:00000098       _dblnewline                00476098     LIBCMTD:wassert.obj
 0003:000000a0       __locktable                004760a0     LIBCMTD:mlock.obj
 0003:000001c0       ?isPackaged@?1??__crtIsPackagedApp@@9@9 004761c0     LIBCMTD:winapisupp.obj
 0003:000001d4       __lRequestCurr             004761d4     LIBCMTD:dbgheap.obj
 0003:000001d8       __bNoMansLandFill          004761d8     LIBCMTD:dbgheap.obj
 0003:000001d9       __bAlignLandFill           004761d9     LIBCMTD:dbgheap.obj
 0003:000001da       __bDeadLandFill            004761da     LIBCMTD:dbgheap.obj
 0003:000001db       __bCleanLandFill           004761db     LIBCMTD:dbgheap.obj
 0003:00000618       ___rgctypeflag             00476618     LIBCMTD:mbctype.obj
 0003:00000620       ___rgcode_page_info        00476620     LIBCMTD:mbctype.obj
 0003:00000718       _errtable                  00476718     LIBCMTD:dosmap.obj
 0003:00000880       _ErrnoNoMem                00476880     LIBCMTD:dosmap.obj
 0003:00000884       _DoserrorNoMem             00476884     LIBCMTD:dosmap.obj
 0003:00000b00       ?_names@?1??_get_fname@@9@9 00476b00     LIBCMTD:fpexcept.obj
 0003:00000ec8       _over                      00476ec8     LIBCMTD:fpctrl.obj
 0003:00000ed4       _under                     00476ed4     LIBCMTD:fpctrl.obj
 0003:00000ee0       ?__DAZ_ENABLED@?1??__set_fpsr_sse2@@9@9 00476ee0     LIBCMTD:fpctrl.obj
 0003:00000f28       _dotdotdot                 00476f28     LIBCMTD:dbgrpt.obj
 0003:00000fc0       __ctype_loc_style          00476fc0     LIBCMTD:wsetloca.obj
 0003:00000fc4       _DoubleFormat              00476fc4     LIBCMTD:intrncvt.obj
 0003:00000fdc       _FloatFormat               00476fdc     LIBCMTD:intrncvt.obj
 0003:00001c20       _GenericSansSerifFontFamily 00477c20     StdAfx.obj
 0003:00001c24       _GenericSerifFontFamily    00477c24     StdAfx.obj
 0003:00001c28       _GenericMonospaceFontFamily 00477c28     StdAfx.obj
 0003:00001c2c       _GenericSansSerifFontFamilyBuffer 00477c2c     StdAfx.obj
 0003:00001c34       _GenericSerifFontFamilyBuffer 00477c34     StdAfx.obj
 0003:00001c3c       _GenericMonospaceFontFamilyBuffer 00477c3c     StdAfx.obj
 0003:00001c44       _GenericTypographicStringFormatBuffer 00477c44     StdAfx.obj
 0003:00001c4c       _GenericDefaultStringFormatBuffer 00477c4c     StdAfx.obj
 0003:00001c54       _allocator_arg             00477c54     StdAfx.obj
 0003:00001c55       _piecewise_construct       00477c55     StdAfx.obj
 0003:00001c58       _initlocks                 00477c58     libcpmtd:xlock.obj
 0003:00001c60       _mtx                       00477c60     libcpmtd:xlock.obj
 0003:00001cc0       __Tuple_alloc              00477cc0     libcpmtd:xthrow.obj
 0003:00001cc1       _ignore                    00477cc1     libcpmtd:xthrow.obj
 0003:00001cc2       _allocator_arg             00477cc2     libcpmtd:xthrow.obj
 0003:00001cc3       _piecewise_construct       00477cc3     libcpmtd:xthrow.obj
 0003:00001ce0       _allocator_arg             00477ce0     libcpmtd:syserror.obj
 0003:00001ce1       _piecewise_construct       00477ce1     libcpmtd:syserror.obj
 0003:00001ce8       ?init@?1??_RTC_InitBase@@9@4_NA 00477ce8     LIBCMTD:init.obj
 0003:00001cf8       _lclcritsects              00477cf8     LIBCMTD:mlock.obj
 0003:00001e68       ?outmsg@?M@??_NMSG_WRITE@@9@9 00477e68     LIBCMTD:crt0msg.obj
 0003:0000249c       _check_frequency           0047849c     LIBCMTD:dbgheap.obj
 0003:000024a4       _check_counter             004784a4     LIBCMTD:dbgheap.obj
 0003:000024a8       __lTotalAlloc              004784a8     LIBCMTD:dbgheap.obj
 0003:000024ac       __lCurAlloc                004784ac     LIBCMTD:dbgheap.obj
 0003:000024b0       __lMaxAlloc                004784b0     LIBCMTD:dbgheap.obj
 0003:000024b4       __pFirstBlock              004784b4     LIBCMTD:dbgheap.obj
 0003:000024b8       __pLastBlock               004784b8     LIBCMTD:dbgheap.obj
 0003:00002510       _fSystemSet                00478510     LIBCMTD:mbctype.obj
 0003:00002518       _GS_ExceptionRecord        00478518     LIBCMTD:gs_report.obj
 0003:00002568       _GS_ContextRecord          00478568     LIBCMTD:gs_report.obj
 0003:00002834       _DebuggerWasPresent        00478834     LIBCMTD:gs_report.obj
 0003:00002838       _ctrlc_action              00478838     LIBCMTD:winsig.obj
 0003:0000283c       _ctrlbreak_action          0047883c     LIBCMTD:winsig.obj
 0003:00002840       _abort_action              00478840     LIBCMTD:winsig.obj
 0003:00002844       _term_action               00478844     LIBCMTD:winsig.obj
 0003:00002848       _ConsoleCtrlHandler_Installed 00478848     LIBCMTD:winsig.obj
 0003:0000284c       ?pfnGetLastActivePopup@?1??__crtMessageBoxW@@9@9 0047884c     LIBCMTD:crtmboxw.obj
 0003:00002850       ?pfnGetProcessWindowStation@?1??__crtMessageBoxW@@9@9 00478850     LIBCMTD:crtmboxw.obj
 0003:00002854       ?pfnGetUserObjectInformation@?1??__crtMessageBoxW@@9@9 00478854     LIBCMTD:crtmboxw.obj
 0003:00002858       ?pfnMessageBox@?1??__crtMessageBoxW@@9@9 00478858     LIBCMTD:crtmboxw.obj
 0003:0000285c       ?pfnGetActiveWindow@?1??__crtMessageBoxW@@9@9 0047885c     LIBCMTD:crtmboxw.obj
 0003:00002864       __RTC_ErrorReportFunc      00478864     LIBCMTD:userapi.obj
 0003:00002868       __RTC_ErrorReportFuncW     00478868     LIBCMTD:userapi.obj
 0003:00002874       ___type_info_root_node     00478874     LIBCMTD:typname.obj
 0003:00002988       ?_pgmname@?1??_setargv@@9@9 00478988     LIBCMTD:stdargv.obj
 0003:00002a90       ___crtCallProc             00478a90     LIBCMTD:winapinls.obj
 0003:00002a98       _g_pfnRtlGenRandom         00478a98     LIBCMTD:rand_s.obj
 0003:00002aac       _mspdb                     00478aac     LIBCMTD:pdblkup.obj
 0003:00002ab0       ?alreadyTried@?1??GetPdbDll@@YAPAUHINSTANCE__@@XZ@4_NA 00478ab0     LIBCMTD:pdblkup.obj
 0003:00002ab1       ?PDBOK@?BM@??_RTC_GetSrcLine@@YAHPAEPA_WKPAH1K@Z@4_NA 00478ab1     LIBCMTD:pdblkup.obj
 0003:00002adc       _heap                      00478adc     LIBCMTD:undname.obj
 0003:00002af0       ?buf@?1??dbGetString@DName@@QBEPADXZ@4PADA 00478af0     LIBCMTD:undname.obj
 0003:00002b78       ___enable_percent_n        00478b78     LIBCMTD:printf.obj
 0004:00000120       $R000000                   0047a120     GameDemo.res
 0004:00003348       $R003228                   0047d348     GameDemo.res
 0004:00003ff0       $R003ED0                   0047dff0     GameDemo.res
 0004:00004018       $R003EF8                   0047e018     GameDemo.res
